##########################################
# (1) LINK INFORMATION                   #
##########################################
C:\Renesas\NC30WA\V540R00\bin\ln30.exe @D:\git_svn\mobanji\mbj_test(JKMBJ)0919\v01\Debug\v01.m16cl

# LINK FILE INFORMATION
ncrt0 (D:\git_svn\mobanji\mbj_test(JKMBJ)0919\v01\Debug\ncrt0.r30)
	Nov 15 11:02:12 2017

action (D:\git_svn\mobanji\mbj_test(JKMBJ)0919\v01\Debug\action.r30)
	Nov 18 11:06:39 2017

communication (D:\git_svn\mobanji\mbj_test(JKMBJ)0919\v01\Debug\communication.r30)
	Nov 18 11:06:40 2017

delay (D:\git_svn\mobanji\mbj_test(JKMBJ)0919\v01\Debug\delay.r30)
	Nov 18 11:06:40 2017

iic_bus_eeprom (D:\git_svn\mobanji\mbj_test(JKMBJ)0919\v01\Debug\iic_bus_eeprom.r30)
	Nov 18 11:06:41 2017

initial (D:\git_svn\mobanji\mbj_test(JKMBJ)0919\v01\Debug\initial.r30)
	Nov 18 11:06:41 2017

M_debug (D:\git_svn\mobanji\mbj_test(JKMBJ)0919\v01\Debug\M_debug.r30)
	Nov 18 11:06:37 2017

main (D:\git_svn\mobanji\mbj_test(JKMBJ)0919\v01\Debug\main.r30)
	Nov 18 11:06:42 2017

motor (D:\git_svn\mobanji\mbj_test(JKMBJ)0919\v01\Debug\motor.r30)
	Nov 18 11:06:43 2017

RC522 (D:\git_svn\mobanji\mbj_test(JKMBJ)0919\v01\Debug\RC522.r30)
	Nov 18 13:08:26 2017

solenoid (D:\git_svn\mobanji\mbj_test(JKMBJ)0919\v01\Debug\solenoid.r30)
	Nov 18 11:06:43 2017

step_motor_drv (D:\git_svn\mobanji\mbj_test(JKMBJ)0919\v01\Debug\step_motor_drv.r30)
	Nov 18 11:06:44 2017

system (D:\git_svn\mobanji\mbj_test(JKMBJ)0919\v01\Debug\system.r30)
	Nov 25 17:30:48 2017

uart1 (D:\git_svn\mobanji\mbj_test(JKMBJ)0919\v01\Debug\uart1.r30)
	Nov 18 11:06:46 2017

variables (D:\git_svn\mobanji\mbj_test(JKMBJ)0919\v01\Debug\variables.r30)
	Nov 18 11:06:46 2017

watch (D:\git_svn\mobanji\mbj_test(JKMBJ)0919\v01\Debug\watch.r30)
	Nov 18 11:06:46 2017

_f8lt (C:\Renesas\NC30WA\V540R00\lib30\nc30lib.lib)
	Dec  8 19:42:59 2005

_i4div (C:\Renesas\NC30WA\V540R00\lib30\nc30lib.lib)
	Dec  8 19:43:01 2005

_i4divu (C:\Renesas\NC30WA\V540R00\lib30\nc30lib.lib)
	Dec  8 19:43:01 2005

_i4i2div (C:\Renesas\NC30WA\V540R00\lib30\nc30lib.lib)
	Dec  8 19:43:01 2005

_i4mulu (C:\Renesas\NC30WA\V540R00\lib30\nc30lib.lib)
	Dec  8 19:43:02 2005

_i4tof8 (C:\Renesas\NC30WA\V540R00\lib30\nc30lib.lib)
	Dec  8 19:43:02 2005

_ltof (C:\Renesas\NC30WA\V540R00\lib30\nc30lib.lib)
	Dec  8 19:43:04 2005

_mbase (C:\Renesas\NC30WA\V540R00\lib30\nc30lib.lib)
	Dec  8 19:43:04 2005

bcopy (C:\Renesas\NC30WA\V540R00\lib30\nc30lib.lib)
	Dec  8 19:43:07 2005

bzero (C:\Renesas\NC30WA\V540R00\lib30\nc30lib.lib)
	Dec  8 19:43:07 2005

mdata (C:\Renesas\NC30WA\V540R00\lib30\nc30lib.lib)
	Dec  8 19:43:18 2005

_f8ltor (C:\Renesas\NC30WA\V540R00\lib30\nc30lib.lib)
	Dec  8 19:42:59 2005


##########################################
# (2) SECTION INFORMATION                #
##########################################
# SECTION                        ATR TYPE    START  LENGTH ALIGN MODULENAME
data_SE                          ABS DATA    000400 000000       ncrt0
bss_SE                           REL DATA    000400 000000 2     ncrt0
data_SO                          REL DATA    000400 000000       ncrt0
bss_SO                           REL DATA    000400 000000       ncrt0
data_NE                          REL DATA    000400 000000 2     ncrt0
                                 REL DATA    000400 000040 2     motor
                                 REL DATA    000440 00001A 2     RC522
                                 REL DATA    00045A 000012 2     variables
                                 REL DATA    00046C 000002 2     watch
                                 REL DATA    00046E 000010 2     mdata
bss_NE                           REL DATA    00047E 000000 2     ncrt0
                                 REL DATA    00047E 00030C 2     communication
                                 REL DATA    00078A 0000B0 2     motor
                                 REL DATA    00083A 000014 2     RC522
                                 REL DATA    00084E 00001A 2     step_motor_drv
                                 REL DATA    000868 00016E 2     uart1
                                 REL DATA    0009D6 006146 2     variables
                                 REL DATA    006B1C 0000F8 2     watch
                                 REL DATA    006C14 000004 2     _mbase
                                 REL DATA    006C18 000008 2     mdata
data_NO                          REL DATA    006C20 000000       ncrt0
                                 REL DATA    006C20 00000C       variables
bss_NO                           REL DATA    006C2C 000000       ncrt0
                                 REL DATA    006C2C 000001       action
                                 REL DATA    006C2D 000004       communication
                                 REL DATA    006C31 00000C       motor
                                 REL DATA    006C3D 000002       step_motor_drv
                                 REL DATA    006C3F 000001       uart1
                                 REL DATA    006C40 00031B       variables
                                 REL DATA    006F5B 00000B       watch
stack                            REL DATA    006F66 000600       ncrt0
heap                             REL DATA    007566 000300       ncrt0
rom_NE                           REL ROMDATA 007866 000000 2     ncrt0
rom_NO                           REL ROMDATA 007866 000000       ncrt0
data_FE                          ABS DATA    010000 000000       ncrt0
bss_FE                           REL DATA    010000 000000 2     ncrt0
data_FO                          REL DATA    010000 000000       ncrt0
bss_FO                           REL DATA    010000 000000       ncrt0
rom_FE                           ABS ROMDATA 0E0000 000000       ncrt0
                                 REL ROMDATA 0E0000 000498 2     action
                                 REL ROMDATA 0E0498 000830 2     motor
rom_FO                           REL ROMDATA 0E0CC8 000000       ncrt0
                                 REL ROMDATA 0E0CC8 0000C6       action
                                 REL ROMDATA 0E0D8E 000013       step_motor_drv
data_SEI                         REL ROMDATA 0E0DA1 000000       ncrt0
data_SOI                         REL ROMDATA 0E0DA1 000000       ncrt0
data_NEI                         REL ROMDATA 0E0DA1 000000       ncrt0
                                 REL ROMDATA 0E0DA1 000040       motor
                                 REL ROMDATA 0E0DE1 00001A       RC522
                                 REL ROMDATA 0E0DFB 000012       variables
                                 REL ROMDATA 0E0E0D 000002       watch
                                 REL ROMDATA 0E0E0F 000010       mdata
data_NOI                         REL ROMDATA 0E0E1F 000000       ncrt0
                                 REL ROMDATA 0E0E1F 00000C       variables
data_FEI                         REL ROMDATA 0E0E2B 000000       ncrt0
data_FOI                         REL ROMDATA 0E0E2B 000000       ncrt0
program                          REL CODE    0E0E2B 000000       ncrt0
                                 REL CODE    0E0E2C 0068BF 2     action
                                 REL CODE    0E76EC 002EEB 2     communication
                                 REL CODE    0EA5D8 000062 2     delay
                                 REL CODE    0EA63A 0003F1 2     iic_bus_eeprom
                                 REL CODE    0EAA2C 0011A7 2     initial
                                 REL CODE    0EBBD4 000084 2     M_debug
                                 REL CODE    0EBC58 0006B9 2     main
                                 REL CODE    0EC312 004CA5 2     motor
                                 REL CODE    0F0FB8 0007D1 2     RC522
                                 REL CODE    0F178A 00005F 2     solenoid
                                 REL CODE    0F17EA 0010AD 2     step_motor_drv
                                 REL CODE    0F2898 004C47 2     system
                                 REL CODE    0F74E0 000BFB 2     uart1
                                 REL CODE    0F80DC 000786 2     watch
                                 REL CODE    0F8862 0000A7 2     _f8lt
                                 REL CODE    0F890A 000083 2     _i4div
                                 REL CODE    0F898E 00004D 2     _i4divu
                                 REL CODE    0F89DC 000041 2     _i4i2div
                                 REL CODE    0F8A1E 00001C 2     _i4mulu
                                 REL CODE    0F8A3A 000022 2     _i4tof8
                                 REL CODE    0F8A5C 0000D4 2     _ltof
                                 REL CODE    0F8B30 000035 2     bcopy
                                 REL CODE    0F8B66 000028 2     bzero
                                 REL CODE    0F8B8E 000054 2     _f8ltor
program_S                        REL CODE    0F8BE2 000000       ncrt0
interrupt                        ABS CODE    0F9000 000000       ncrt0
                                 REL CODE    0F9000 000132       ncrt0
vector                           ABS CODE    0F9200 0000C0       ncrt0
fvector                          REL CODE    0F92C0 000000       ncrt0
# Total -------------------------------------------------------------------
                                     DATA           007466(0029798) Byte(s)
                                     ROMDATA        000E2B(0003627) Byte(s)
                                     CODE           017FA9(0098217) Byte(s)

##########################################
# (3) GLOBAL LABEL INFORMATION           #
##########################################
$ByteRead          0ea832  $ByteWrite         0ea7c4  $Calculate_Quick   0e32bc
$CalulateCRC       0f12be  $ChangeX           0e0e2c  $ChangeY           0e0e70
$ClearBitMask      0f146e  $IicBusRead        0ea644  $IicBusWrite       0ea6ec
$M500PcdConfigIS   0f13d6  $PBP_Line          0e7584  $PcdAnticoll       0f101c
$PcdAuthState      0f1118  $PcdComMF522       0f1490  $PcdRead           0f1186
$PcdRequest        0f0fb8  $PcdSelect         0f10a6  $PcdWrite          0f11e6
$ReadRawRC         0f7f86  $SetBitMask        0f144c  $WriteRawRC        0f8028
$_f8ltor           0f8b8e  $_ltof             0f8a5c  $add_one_action    0e7548
$cal_crc16         0f7686  $cal_forward       0ecd2c  $cal_forwardn      0ed0be
$cal_pid_p_stop    0ede1a  $cal_pid_p_stopn   0edd50  $cal_pid_s         0ed778
$cal_spd_ref       0ee598  $check_data        0e2156  $check_dsp_error   0f1826
$crc_calcu         0f2352  $delay_ms          0ea5d8  $delay_us          0ea604
$exit              0f912d  $go_beginpoint     0e3a52  $go_commandpoint   0e5e98
$holding_axes      0ee93a  $inpress_down      0e1cae  $inpress_to        0e679c
$inpress_to_fors   0e6876  $int2string        0eb436  $m_start           0ee16e
$m_startn          0edf74  $movestep_x        0f1aca  $movestep_y        0f1bc2
$movestep_yj       0f1dd0  $movestep_zx       0f1cc2  $mymemcpy          0eb3f8
$nop_move_emerge   0f1edc  $oldmotoretable    0f029e  $pdff_control      0edb66
$process_making_   0e7000  $process_nop_mov   0f2c68  $protocol          0e7978
$rc_pc             0ee9e8  $read_par          0ea920  $read_para_group   0ea99c
$read_stepmotor_   0f2316  $read_stepmotor_   0f23aa  $scan_pause_func   0e69cc
$send_dsp1_comma   0f20ea  $send_dsp2_comma   0f210c  $send_dsp_comman   0f2098
$set_func_code_i   0ebc12  $set_protocol_us   0ebc46  $shift_func        0f6f08
$special_sewing    0e69fa  $string2int        0eb41c  $test_nop_emerge   0ebbd4
$tra1_com          0f7622  $tra_com           0e787c  $trim_io_control   0f3820
$verify            0e7856  $verify_code       0ea5b0  $write_par         0ea95e
$write_para_grou   0ea9e2  $write_stepmotor   0f22d8  $write_stepmotor   0f23d4
$x_quickmove       0f24da  $y_quickmove       0f25fc  $zx_quickmove      0f274a
_AccFlag           0007ee  _AdjustAngle       006858  _AdjustAngleSet    006850
_AgingLasting      006ddb  _CancelOverlabPo   006c6c  _Cooling1sCounte   006ad4
_CoolingActionFl   006ddc  _CoolingDuration   006ad0  _CoolingDuration   006ad6
_CoolingInterval   006ace  _CoolingInterval   006ad2  _CurrentPointShi   006c6a
_CurrentPointShi   006820  _CurrentXCoor      006818  _CurrentYCoor      00681a
_CutActionCounte   006864  _CutActionFlag     006d14  _DAActionCounter   006862
_DAActionFlag      006d13  _DRV_DATA_LEN      006dd4  _DVALastState      006c6f
_DVBLastState      006c6e  _DVSMLastState     006c4a  _DVSMcounter       006d73
_DefaultKey        000454  _DelayCounter      00680e  _DelayMsCount      006824
_DelayTime         00045a  _DestinationPoin   006822  _DisMotorAngle     006856
_EditElementComm   006c6b  _EditEntranceFla   006c67  _ElementIndex      006c63
_ElementIndexLat   006c64  _ElementPointFla   006c62  _EncoderZ_flag     006ca0
_FWendCounter      006d80  _FindZeroFlag      006c9f  _FootNumber        006d1f
_FootRotateFlag    006c70  _FootUpCom         006c6d  _HighSpeedStitch   006d3d
_IORGLastState     006d6f  _Inductance_tab    0e0498  _InpresserIni_fl   006c2b
_Judge_Quadrant    0e750a  _LRfooter_down_m   006d1b  _LRfooter_up_mod   006d1c
_LTR_trim_option   006d1e  _L_AIR_flag        006cf6  _LastPatternHave   006d20
_LineStage         006c3c  _MAIN_MOTOR_TYPE   006c40  _MotionSet         006c71
_MotiongSetFlag    006c72  _MotorPositionSe   006c56  _MotorPreInit      0ec4d0
_MotorSpeedRigis   006c5c  _MoveMode          006d3c  _MoveStartAngle    0068a4
_MoveStartAngle_   0e0158  _MoveStartAngle_   0e0116  _MoveTime_Limtit   0e0d6d
_MoveTime_Speed_   0e0d0a  _MoveTime_Speed_   0e0d4c  _MoveTime_Speed_   0e0d2b
_MoveToCurrentCo   006c66  _NopMoveSpd_flag   006c7b  _OW_RomID          006a88
_OutOfPositionTi   0068a2  _OutOfRange_flag   006c49  _OverCurrentOneC   0068a0
_PAUSE_OFF         006d6b  _PAUSE_ON          006d6a  _PI_Pre            0007f0
_PORG_action_fla   006d91  _PSENSLastState    006d70  _PSENScounter      006d72
_PattenrDelayTim   006810  _PatternDelayFla   006c57  _PatternShiftVal   006816
_PatternSpeedLim   006d21  _PcdAntennaOff     0f162a  _PcdAntennaOn      0f1608
_PcdHalt           0f128e  _PcdReset          0f133e  _PointShiftDirec   006c5f
_PointShiftFlag    006c5e  _PointShiftNumbe   006812  _RFID_SCAN         0f1664
_RFID_initial      0f1636  _Resistance_tab    0e04da  _Rfid_Nom          006b10
_RotateFlag        006c58  _Run_SpdIq         000400  _SPI_init          0f17ea
_SewDataFlag       006c61  _SewTestStitchCo   006814  _SewingCounter     00045e
_SewingReverse     0e6c70  _SewingSpeedValu   006c59  _SewingStopFlag    006c5a
_SewingStopValue   006c5b  _SewingTestEndFl   006c68  _SewingTestFlag    006c2a
_ShapePointFlag    006c60  _Spd_Iq_PID        0ed592  _SpeedRange        006874
_StartCondition    0ea768  _StatusChangeLat   006c69  _Step1Version      006c20
_Step2Version      006c25  _StepDrive1Versi   00681c  _StepDrive2Versi   00681e
_StitchSpeedCurv   006d3e  _StitchStartFlag   006c96  _StitchUpFlag      006c5d
_StopCondition     0ea798  _StopStatusFlag    006c73  _TempEnd_point     000a06
_TempPat_point     000a0a  _TempStart_point   000a08  _TestStatusChang   006c65
_Ud_i              000a0c  _Uq_i              000a0e  _X2_tab            0e0298
__WaitTime0us      0ea8c2  __WaitTime1us      0ea8c8  __WaitTime2us      0ea8d4
__WaitTime6ms      0ea8fc  __f8lt             0f8862  __i4div            0f890a
__i4divU           0f898e  __i4i2div          0f89dc  __i4mulU           0f8a1e
__i4tof8           0f8a3a  __mbase            006c14  __memt             000476
__mnext            006c18  __msize            006c1c  __pool             00046e
_acc_tactic        0edc9a  _acctable          000820  _adtc_count        006d09
_adtc_flag         006d0a  _after_trim_stop   006db0  _aging_com         006d0e
_aging_delay       006cef  _aging_flag        006cee  _aging_mode        006d65
_aging_mode_coun   006aec  _aging_mode_coun   006aee  _aging_old_count   006acc
_aging_selection   006de3  _alarmbuz_flag     006d02  _alarmled_flag     006d01
_allct_step        006836  _allin_step        006834  _allow             006d2a
_allx_coor_temp    006806  _allx_step         0067f6  _allx_step_last    006ac8
_allx_step_temp    00680a  _ally_coor_temp    006808  _ally_step         0067f8
_ally_step_last    006aca  _ally_step_temp    00680c  _allyj_step        006832
_already_auto_fi   006e46  _already_in_orig   006d25  _already_up_flag   006f59
_angle_test_x      006a52  _angle_test_y      006a54  _at_solenoid       0f17b2
_atan_tab          0e051c  _atum_data         006d2c  _atum_flag         006d2b
_auto_function_f   006d8a  _auto_function_s   006dbf  _auto_select_fla   006d89
_autoprecess_foo   006d6e  _autoprocess_act   006d79  _autoprocess_ino   006d71
_autoprocess_put   006d7b  _back_endpoint     0e3918  _back_from_check   006d87
_back_startpoint   0e49e4  _bakeup_total_co   006a7c  _barcoder_time_b   006dea
_base_tension      006dc8  _baseline_alarm_   006da8  _baseline_alarm_   006a90
_baseline_detect   006dd7  _bcopy             0f8b30  _before_down_spe   0068aa
_before_nopmove_   006d63  _blow_air_action   006f56  _blow_air_counte   006b16
_bobbin_change_d   006de1  _bobbin_change_i   006de8  _bobbin_change_s   006dd6
_brkdt_flag        006d08  _bzero             0f8b66  _caculate_stitch   0068be
_calculate_angle   0e2a5a  _calculate_flag    006c91  _check_data_spee   0068c0
_check_flag        006c8f  _check_footer_st   0e6fce  _check_motion_do   0f1fa4
_checki03_status   0f5ed0  _checki04_status   0f5ee0  _checki05_status   0f6310
_checki06_status   0f64d6  _checki07_status   0f65c2  _checki08_status   0f65ea
_checki10_status   0f6626  _checki11_status   0f6892  _clamp_com         006cd9
_clamp_flag        006c48  _clamp_stepflag    006c9a  _com_error         0ea59c
_comx_step         006802  _comy_step         006804  _connect_flag      006c93
_conprocess_data   0e3ebc  _conprocess_edit   0e4264  _continue_status   0f7366
_cool_air_1_sec    006ab4  _cool_air_action   006ab2  _cool_air_action   006dbe
_cool_air_close_   006ab6  _cool_air_counte   006ab0  _cool_air_open_t   006ab8
_coor_com          006c53  _coor_com_fun      0e69b0  _cooradjust_com    006c54
_count_temp        006da2  _counter_1ms       006868  _counter_wait_co   006dc1
_course_back       0e4fa2  _course_next       0e4d38  _course_next_fla   006d93
_course_stop       0e520e  _cover_position_   006dba  _cover_position_   006dbb
_cpy_para_buff     0eb794  _csc_tab           0e061e  _cut_end_angle     0067e6
_cut_end_flag      006c80  _cut_flag          006c7d  _cut_mode          006d34
_cut_move_flag     006d4a  _cut_nopmove_fla   006da5  _cut_pwm_counter   006d69
_cut_start_angle   0067e4  _cut_start_flag    006c7f  _cut_tension       006dc9
_cut_test_flag     006d85  _cutter_delay_co   006e48  _cutter_delay_fl   006e49
_d_iq_last         000a10  _da0_flag          006cf7  _data2             000450
_data_length_drv   006dd2  _de_bug            006ac4  _dead_point_degr   006d39
_dectable          000816  _delay_of_go_set   006d38  _delay_of_inpres   006d35
_delay_of_nop_mo   006d37  _delay_of_wipper   006d36  _delay_process     0f5536
_delay_start_fun   006dae  _delay_start_tim   006daf  _detect_position   0e5d02
_disable_24V_out   0e74ea  _dither_tactic     0edcb0  _do_pat_point_ad   0e694e
_do_pat_point_su   0e697a  _door_ac           000468  _door_dt           00046a
_down_stage        006c3b  _down_up_stitch    006da9  _download_drv_fl   006dd0
_download_drv_st   0f720a  _download_status   0f69ec  _drv_satus         006dd5
_dsp1_message      006a80  _dsp1_step_crc     006b12  _dsp2_message      006a82
_dsp2_step_crc     006b14  _edit_move_delay   006872  _emergency         0e5ad8
_emergency_count   0068bc  _emermove_high     006c99  _enable_24V_outp   0e74fa
_end_angle_speed   006a96  _end_flag          006c8b  _erase_falg        006dd3
_err_num_dsp1      006a84  _err_num_dsp2      006a86  _error_status      0f4b48
_eso_normal_cont   0ed968  _eso_z1            00041a  _eso_z2            00041e
_etablenew1        0e0b6a  _etablenew2        0e0c8c  _exit              0f912d
_fa_solenoid       0f17d0  _fall_back_tacti   0edd3a  _find_communicat   006d84
_find_dead_cente   0e1cee  _find_dead_point   0e1eba  _find_deadpoint_   006d22
_find_start_poin   0e71f8  _find_up_positio   0e1f6c  _find_zero         0e1fe8
_findorigin_flag   006ca4  _finish_cut_flag   006d64  _finish_nopmove_   006ddf
_finish_status     0f5ab6  _first_stitch_fl   006c8d  _fk_action_count   006ae6
_fk_action_flag    006de0  _flag_1ms          006c41  _flag_start_wait   006dc0
_flag_wait_com     006dc2  _flash_buz         0e5ac8  _flash_led         0e5ab8
_follow_up_inpre   006b00  _follow_up_inpre   006afe  _foot_com          006c50
_foot_down         0e1af2  _foot_flag         006c45  _foot_half_com     006c51
_foot_half_down    0e1be2  _foot_half_flag    006c46  _foot_half_up      0e1a9e
_foot_ready_coun   000a16  _foot_ready_coun   000a18  _foot_up           0e1a72
_footer_both_dow   0e1c00  _footer_both_up    0e1ab4  _footer_procedur   0e1b28
_footer_working_   006d1a  _formwork_identi   006d96  _fun_code          006d30
_fun_default_fla   006d4e  _fun_flag          006d2f  _fw_action_count   006abc
_fw_action_flag    006dcb  _fw_flag           006cf5  _fw_solenoid       0f178a
_fw_start_angle    006b02  _g_ucTempbuf       00083a  _get_CORG_statu    0f287e
_get_IORG_statu    0f2864  _get_x_distance    0f1eae  _get_y_distance    0f1ec4
_go_origin_allmo   0e16f8  _go_origin_speed   006d46  _go_origin_x       0e0eb2
_go_origin_xy      0e18dc  _go_origin_xy_bo   0e14aa  _go_origin_y       0e11dc
_go_origin_yj      0e663e  _go_origin_zx      0e6472  _go_setoutpoint    0e58de
_go_startpoint     0e206a  _hevi_data         006d2e  _hevi_flag         006d2d
_hold_enable       006a26  _holding_bobbin_   006b08  _identify_patter   0f2898
_iit_warning_val   0068a8  _initIicBus        0ea63a  _init_ad           0eaa62
_init_clk          0eaaa4  _init_comm         0e778a  _init_da           0eaa8e
_init_eeprom       0ea8f8  _init_io           0eaafe  _init_motor        0ec322
_init_para_varia   0ebad6  _init_stepmotor_   0f1a56  _init_ta0          0eaa2c
_init_tb0          0ec312  _init_tb3          0eaa3e  _init_tb4          0eaa50
_init_uart0        0e76ec  _init_uart1        0f7524  _init_uart1_RC52   0f7552
_init_var          0eac02  _init_watch        0f80dc  _initial           0eb2ec
_initial_mainmot   0e5d86  _initial_uart1_v   0f74e0  _inpress_action_   006d49
_inpress_com       006c52  _inpress_delta     006b04  _inpress_down_de   006d45
_inpress_end_fla   006c86  _inpress_first_f   006d4d  _inpress_flag      006c47
_inpress_follow_   006b06  _inpress_follow_   006af2  _inpress_follow_   0e0092
_inpress_follow_   006ded  _inpress_follow_   0e0cc8  _inpress_follow_   006d74
_inpress_follow_   006def  _inpress_follow_   006af6  _inpress_follow_   006af4
_inpress_follow_   0e00d4  _inpress_follow_   006dee  _inpress_follow_   0e0ce9
_inpress_high      0068b2  _inpress_high_ba   0068b0  _inpress_high_fl   006d42
_inpress_high_li   006d43  _inpress_high_wh   006d44  _inpress_lower_s   006e4d
_inpress_lower_s   006e4c  _inpress_mod_rem   006d86  _inpress_offset    006d7d
_inpress_origin    0068ac  _inpress_positio   0067f0  _inpress_real_de   0068ae
_inpress_speed     006d6c  _inpress_start_f   006c85  _inpress_tab       0e0000
_inpress_type      006d56  _inpress_up        0e1c3e  _int0_finish_fla   006d4b
_int0_int          0ee878  _int1_int          0f87de  _int2_int          0f8814
_int3_finish_fla   006d4c  _int3_int          0ee8a2  _iq_max_tester     000464
_jiting_flag       006d7f  _jump_to_begin     0f204c  _k03               006dc6
_keep_running_fo   0e1dca  _l                 006c3a  _laser_cutter_ac   006f51
_last_allx_step    006ae2  _last_ally_step    006ae4  _last_inpress_po   0068b8
_last_pattern_nu   006a4a  _last_pattern_po   006ae0  _last_speed        006830
_last_xstep_cou    006a40  _last_ystep_cou    006a42  _lastmove_flag     006c79
_laststitch_flag   006c7e  _led_light_adjus   006d5b  _m_spd_n           00689c
_m_spd_n_last      00689e  _m_spd_ref_n       00689a  _m_status          006d10
_machine_stop_fl   006c8c  _main              0ebc58  _main_control_lo   006da7
_main_control_lo   006f58  _making_pen_acto   006de4  _making_pen_nopm   006f55
_making_pen_offs   006de7  _making_pen_stat   006de5  _manual_com        006c4f
_manual_cut_flag   006d31  _manual_operatio   006d67  _marking_finish_   006d95
_marking_speed     006d94  _mode0_angle       006aa0  _mode0_time        006db7
_mode1_x_angle     006aa2  _mode1_x_time      006db8  _mode1_y_angle     006aa4
_mode1_y_time      006db9  _motor             0009dc  _motor_control     0eeb66
_motor_lock_flag   006d5c  _motor_para        006888  _motor_start       0ee8cc
_motor_stuck_fla   006ca1  _motorconfig_fla   006c94  _move_back         0e4b94
_move_continue_b   0e4c42  _move_continue_n   0e4af6  _move_edit_start   0e4d1c
_move_flag         006c74  _move_next         0e4a4c  _move_startpoint   0e4ce4
_move_xy           0e61c4  _movect_angle      00682e  _movestep_angle    006826
_movestep_time     006828  _movestep_x_flag   006c77  _movestep_y_flag   006c78
_movestepx_angle   00682a  _movestepx_time    006c97  _movestepxy_time   0068b4
_movestepy_angle   00682c  _movestepy_time    006c98  _movex_delay_cou   006d50
_movex_delay_fla   006d51  _movex_flag        006c75  _movey_delay_cou   006d52
_movey_delay_fla   006d53  _movey_flag        006c76  _movezx_delay_co   006d54
_movezx_delay_fl   006d55  _ms_counter        000a12  _ms_scan_counter   000a14
_need_action_onc   006db5  _need_action_two   006db6  _need_backward_s   006db3
_need_down_flag    006dc4  _needle_cool_fla   006dd9  _needle_down       0e1e7c
_new_pattern_don   006d90  _next_nop_x        006aac  _next_nop_y        006aae
_nop_move_delay    00686e  _nop_move_k        006d29  _nop_move_pause_   006ddd
_nop_move_remain   006adc  _nop_move_remain   006ade  _nopmove_flag      006c7c
_normal_control    0ed7ca  _not_in_origin_f   006d26  _one_step_delay    006870
_operate_dsp1ord   006dd8  _opl_origin_flag   006d5d  _origin2_lastmov   006c7a
_origin2_point     000a04  _origin_adjust_a   006d68  _origin_adjust_f   006d17
_origin_check_fl   006da0  _origin_com        006c4c  _origin_flag       006d18
_origin_footer_s   006d1d  _output_com        006cf4  _over_spd_flag     006d12
_para              006df1  _para_confirm      0e5b52  _pat_buf           000a1e
_pat_buff_total_   006a7a  _pat_buff_total_   006a7e  _pat_buff_write_   006a78
_pat_point         000a00  _pat_writting_fl   006d9d  _pattern_buf_wri   006dad
_pattern_change_   00686c  _pattern_change_   006d8f  _pattern_change_   006d8e
_pattern_delay     006d8d  _pattern_number    006a48  _pattern_process   0f28e4
_pause_count       006d03  _pause_flag        006d04  _pause_inpress_f   006da4
_pause_inpress_f   006dbc  _pause_stop        0e5c1c  _pdl_val_now       006a34
_pdl_val_old       006a36  _pedal_last_stat   006c43  _pedal_pos0        006a38
_pedal_pos1        006a3a  _pedal_pos2        006a3c  _pedal_pos3        006a3e
_pedal_state       006c42  _pedal_style       006c44  _power_off_count   00685c
_poweroff_status   0f5184  _pre_running       0f29c0  _predit_shift      006c55
_preedit_status    0f565a  _prewind_status    0f4e70  _printf_uart       0f7862
_process_data      0e2be0  _process_edit_da   0e2f68  _process_flag      006c90
_process_uart1_d   0f7d10  _put_down_counte   006d7c  _pwm_forbid_flag   006d11
_pwm_int           0ec6e8  _r                 006c39  _ratio_array       006a56
_rc522_control_f   006f54  _rc522_write_fal   006f52  _rc522_write_ret   006f53
_rc_write_data     000440  _read_step_x       006ad8  _read_step_y       006ada
_read_stepmotor_   0f1f7a  _read_stepmotor_   0f2028  _ready_dsp1_time   0f1f18
_ready_go_setout   006d7e  _ready_status      0f2f10  _rec1_com          0f7716
_rec1_datalength   006af8  _rec1_package_le   006afa  _rec1_status_mac   006df0
_rec1_total_coun   006b0e  _rec_buf           00058a  _rec_com           0e78e8
_rec_status        006c2d  _recieve_flag      006dd1  _recieve_x         000862
_recieve_y         000864  _recieve_z         000866  _recpat_point      0067e2
_remove_01         0e55ec  _remove_03         0e566e  _remove_04         0e56b8
_remove_06         0e573a  _remove_07         0e5784  _remove_09         0e5806
_remove_10         0e5850  _remove_12         0e55a2  _remove_stop       0e58d2
_repeat_com        006c4e  _request_rfid_nu   006b1a  _requset_which_s   006d9c
_reset_panel       0e5d70  _restore_para_fr   0eb45c  _return_from_set   006d7a
_return_origin_f   006d92  _rfid_alarm_coun   006b18  _rfid_alarm_flag   006f5a
_rfid_config_fla   006d28  _rfid_wr_ret       0ea516  _run_status        0f3bde
_running_flag      006dda  _second_start_co   006dcf  _second_start_sw   006dce
_send_command      000690  _send_flag         006d9e  _send_stepmotor_   0f2010
_send_stepmotor_   0f1fc0  _serail_config_f   006d27  _serail_module_s   006d97
_serail_number     006a50  _set_uart1_debug   0f7580  _setout_emermove   006d41
_setout_flag       006d9f  _setout_status     0f5236  _setup_stepper_m   0f212e
_sevro_curve_num   006da3  _sew_speed         006838  _sew_stitch        00683a
_sewing_ren_flag   006a44  _sewing_stop       0e5be8  _sewing_stop_mid   0e5c02
_sewing_tenion     006dca  _sewingcontrol_f   006db1  _sewingcontrol_s   006db2
_sewingcontrol_t   006db4  _sewingcontrol_t   006de2  _sfsw_count        006d0b
_sfsw_count1       006d0c  _sfsw_flag         006d0d  _shift_01          0e5268
_shift_03          0e52f6  _shift_04          0e534c  _shift_06          0e53da
_shift_07          0e5430  _shift_09          0e54be  _shift_10          0e5514
_shift_12          0e5212  _shift_flag        006cfe  _shift_flag_old    006cff
_shift_low_flag    006d00  _shift_reply       006cfd  _sin_tab           0e0788
_single_back       0e47d8  _single_edit_con   0e48dc  _single_edit_con   0e46a8
_single_end        0e4a06  _single_flag       006cfc  _single_move_fun   0f6a5a
_single_move_spe   006d47  _single_next       0e4606  _single_reply      006cfb
_single_start      0e4a1e  _single_stop       0e4a36  _slack_status      0f5ca4
_slow_flag         006c8e  _slowdown_stitch   006dc3  _sm_overload_cou   006d3f
_sm_overload_fla   006d40  _sm_overload_val   0068a6  _smotor_directio   006d5a
_smotor_speed      006cf3  _smotor_speed_co   006aba  _smotor_speed_fl   006dc5
_software_key_bo   006e51  _software_key_fo   006e4e  _software_key_pa   006e50
_software_key_ru   006e4f  _sound_count       00685a  _sox_step          0067fe
_soy_step          006800  _spd_monitor       006ae8  _spd_tmp           0007d4
_spdlimit_10080_   0e019a  _special_footer_   006d8b  _special_go_allm   006dde
_special_machine   006d6d  _speed_display_m   006d4f  _speed_down_coun   006d9a
_speed_down_stit   006d98  _speed_limit       006da1  _speed_min_teste   000466
_speed_up_value    006aea  _spi_flag          006d0f  _spider_lim        006860
_spider_man        00685e  _spiint            0f18aa  _sta_point         000a02
_start_angle_spe   006a94  _start_flag        006c92  _start_to_speed_   006d99
_status_15         006c9e  _status_now        006c9d  _stay_end_flag     006dac
_stay_flag         006d05  _stepconfig_flag   006c95  _steper_footer_p   006a32
_steper_footer_r   006a30  _stepmotor_comm    006cf8  _stepmotor_para    0f1f42
_stepmotor_singl   006cfa  _stepmotor_state   006cf9  _stepper_cutter_   006afc
_stepper_cutter_   006e4b  _stepstatus1       006892  _stepstatus2       006894
_stepversion1      006896  _stepversion2      006898  _stitch_counter    0067f4
_stitch_num        0067f2  _stop_flag         006c89  _stop_foot_statu   006d33
_stop_number       006c8a  _stretch_action_   006a46  _stretch_action_   006d88
_stretch_down_de   006d59  _stretch_foot_en   006d3b  _stretch_foot_fl   006d3a
_stretch_out_del   006d57  _stretch_up_dela   006d58  _super_pattern_f   006d9b
_svpara_buf        0068c2  _svpara_disp_buf   006926  _svpara_trans_fl   006d62
_sys               0009d6  _sys_watch         0f8190  _ta0_int           0ebf14
_tactic_flag       000462  _tactic_flag_las   000460  _tail_sewing       0e6f28
_tail_sewing_fla   006de6  _tail_sewing_spe   006af0  _tail_sewing_spe   006de9
_tan_tab           0e096a  _target_allx_ste   006a9a  _target_ally_ste   006a9c
_target_pat_poin   006a98  _target_total_co   006a9e  _tb1_flag          006c9b
_tb3_int           0ec27a  _tb4_int           0ec298  _temp_tension      006c9c
_temp_tension_la   006dc7  _tension           006ca2  _tension_end_ang   0067ea
_tension_end_fla   006c82  _tension_open_co   0068b6  _tension_open_sw   006d48
_tension_release   006a2e  _tension_release   006a28  _tension_start_a   0067e8
_tension_start_f   006c81  _test_action_cou   006866  _test_action_fla   006d15
_test_brk_flag     006dbd  _test_counet_ms    006aa6  _test_da           006d78
_test_flag         006d75  _test_flag2        006d76  _test_flag3        006d77
_test_nop_x        006aa8  _test_nop_y        006aaa  _test_value1       006c2f
_test_value2       006c30  _thbrk_count       006d06  _thbrk_flag        006d07
_theta_adjust      0068ba  _thread_holding_   006dcd  _thread_holding_   006ac2
_thread_holding_   006ac0  _thread_holding_   006abe  _thread_holding_   006dcc
_thread_switch     006da6  _total_counter_t   006a92  _tra1_buf          006e52
_tra1_ind_r        006b0a  _tra1_ind_w        006b0c  _trans_x           00085c
_trans_y           00085e  _trans_z           000860  _trim              0e6446
_trim_action       0f3854  _turnoff_buz       0e5a80  _turnoff_led       0e5a6c
_turnoff_ledbuz    0e5a8e  _turnon_buz        0e5aaa  _turnon_led        0e5a96
_u02               006ca8  _u03               006ca9  _u04               006caa
_u05               006cab  _u06               006cac  _u07               006cad
_u08               006cae  _u09               006caf  _u10               006cb0
_u101              006ce8  _u103              006ce9  _u104              006cea
_u105              006ceb  _u11               006cb1  _u112              006cec
_u12               006cb2  _u13               006cb3  _u14               006cb4
_u15               006ca3  _u16               006cd5  _u201              006cb5
_u202              006cb6  _u203              006cb7  _u204              006cb8
_u205              006cb9  _u206              006cba  _u207              006cbb
_u208              006cbc  _u209              006cbd  _u210              006cbe
_u211              00683c  _u212              006cbf  _u213              00683e
_u214              006840  _u215              006842  _u216              006844
_u217              006cc0  _u218              006cc1  _u219              006cc2
_u220              006cc3  _u221              006cc4  _u222              006cc5
_u223              006846  _u224              006cc6  _u225              006cc7
_u226              006cc8  _u227              006cc9  _u228              006cca
_u229              006ccb  _u230              006ccc  _u231              006ccd
_u232              006cce  _u233              006ccf  _u234              006cd0
_u235              006cd1  _u236              006848  _u237              006cd2
_u238              00684a  _u239              006cd3  _u240              00684c
_u241              00684e  _u242              006cd4  _u243              006d16
_u26               006cd6  _u33               006cd7  _u34               006cd8
_u35               006cf2  _u36               006cda  _u37               006cdb
_u38               006cdc  _u39               006cdd  _u40               006cde
_u41               006cdf  _u42               006ce0  _u46               006ce1
_u48               006ce2  _u49               006ca7  _u51               006ca6
_u68               006ce3  _u69               006ce4  _u70               006ce5
_u71               006ca5  _u72               006cf0  _u73               006cf1
_u89               006ced  _u94               006ce6  _u97               006ce7
_uart1_rec_int     0f75ee  _uart1_tra_int     0f75ae  _uart_rec_int      0e7822
_uart_tra_int      0e77de  _unaging_flag      006d66  _urat0_rate_1152   0e7714
_us_counter        000a1c  _version_check     0f1a80  _waiting_count     00068e
_waitingforomove   006d81  _waitting_for_po   006f57  _watch_initializ   0f8762
_wind_com          006c4d  _wind_mode         006d19  _wind_status       0f5070
_wipe_end_flag     006c84  _wipe_end_time     006c88  _wipe_start_flag   006c83
_wipe_start_time   006c87  _wipe_time         000a1a  _wiper_end_time    0067ee
_wiper_start_tim   0067ec  _wirte_stepermot   006deb  _write_eeprom_pa   006e47
_write_stepmotor   006dec  _x_bios            006852  _x_bios_offset     006a4c
_x_motor_dir       006d5e  _x_movedone        006d82  _x_origin_offset   006a2a
_x_sensor_pos      006d32  _x_step_current_   006d23  _x_step_curve      006daa
_xstep_cou         0067fa  _y_bios            006854  _y_bios_offset     006a4e
_y_motor_dir       006d5f  _y_movedone        006d83  _y_origin_offset   006a2c
_y_step_current_   006d24  _y_step_curve      006dab  _yj_motor_dir      006d61
_yj_step_current   006e4a  _ystep_cou         0067fc  _z_motor_dir       006d60
_zero_speed_flag   006d8c  _zoom_in_one_sti   0e6d38  _zpl_pass          006c4b
_zpl_process       0e63da  start              0f9000  

##########################################
# (4) GLOBAL EQU SYMBOL INFORMATION      #
##########################################
__SB__           00000400  

##########################################
# (5) GLOBAL EQU BIT-SYMBOL INFORMATION  #
##########################################

##########################################
# (6) LOCAL LABEL INFORMATION            #
##########################################
@ ncrt0 ( D:\git_svn\mobanji\mbj_test(JKMBJ)0919\v01\Debug\ncrt0.r30 )
@ action ( D:\git_svn\mobanji\mbj_test(JKMBJ)0919\v01\Debug\action.r30 )
@ communication ( D:\git_svn\mobanji\mbj_test(JKMBJ)0919\v01\Debug\communication.r30 )
@ delay ( D:\git_svn\mobanji\mbj_test(JKMBJ)0919\v01\Debug\delay.r30 )
@ iic_bus_eeprom ( D:\git_svn\mobanji\mbj_test(JKMBJ)0919\v01\Debug\iic_bus_eeprom.r30 )
@ initial ( D:\git_svn\mobanji\mbj_test(JKMBJ)0919\v01\Debug\initial.r30 )
@ M_debug ( D:\git_svn\mobanji\mbj_test(JKMBJ)0919\v01\Debug\M_debug.r30 )
@ main ( D:\git_svn\mobanji\mbj_test(JKMBJ)0919\v01\Debug\main.r30 )
@ motor ( D:\git_svn\mobanji\mbj_test(JKMBJ)0919\v01\Debug\motor.r30 )
@ RC522 ( D:\git_svn\mobanji\mbj_test(JKMBJ)0919\v01\Debug\RC522.r30 )
@ solenoid ( D:\git_svn\mobanji\mbj_test(JKMBJ)0919\v01\Debug\solenoid.r30 )
@ step_motor_drv ( D:\git_svn\mobanji\mbj_test(JKMBJ)0919\v01\Debug\step_motor_drv.r30 )
@ system ( D:\git_svn\mobanji\mbj_test(JKMBJ)0919\v01\Debug\system.r30 )
@ uart1 ( D:\git_svn\mobanji\mbj_test(JKMBJ)0919\v01\Debug\uart1.r30 )
@ variables ( D:\git_svn\mobanji\mbj_test(JKMBJ)0919\v01\Debug\variables.r30 )
@ watch ( D:\git_svn\mobanji\mbj_test(JKMBJ)0919\v01\Debug\watch.r30 )
@ _f8lt ( C:\Renesas\NC30WA\V540R00\lib30\nc30lib.lib )
@ _i4div ( C:\Renesas\NC30WA\V540R00\lib30\nc30lib.lib )
@ _i4divu ( C:\Renesas\NC30WA\V540R00\lib30\nc30lib.lib )
@ _i4i2div ( C:\Renesas\NC30WA\V540R00\lib30\nc30lib.lib )
@ _i4mulu ( C:\Renesas\NC30WA\V540R00\lib30\nc30lib.lib )
@ _i4tof8 ( C:\Renesas\NC30WA\V540R00\lib30\nc30lib.lib )
@ _ltof ( C:\Renesas\NC30WA\V540R00\lib30\nc30lib.lib )
@ _mbase ( C:\Renesas\NC30WA\V540R00\lib30\nc30lib.lib )
@ bcopy ( C:\Renesas\NC30WA\V540R00\lib30\nc30lib.lib )
@ bzero ( C:\Renesas\NC30WA\V540R00\lib30\nc30lib.lib )
@ mdata ( C:\Renesas\NC30WA\V540R00\lib30\nc30lib.lib )
@ _f8ltor ( C:\Renesas\NC30WA\V540R00\lib30\nc30lib.lib )

##########################################
# (7) LOCAL EQU SYMBOL INFORMATION       #
##########################################
@ ncrt0 ( D:\git_svn\mobanji\mbj_test(JKMBJ)0919\v01\Debug\ncrt0.r30 )
@ action ( D:\git_svn\mobanji\mbj_test(JKMBJ)0919\v01\Debug\action.r30 )
@ communication ( D:\git_svn\mobanji\mbj_test(JKMBJ)0919\v01\Debug\communication.r30 )
@ delay ( D:\git_svn\mobanji\mbj_test(JKMBJ)0919\v01\Debug\delay.r30 )
@ iic_bus_eeprom ( D:\git_svn\mobanji\mbj_test(JKMBJ)0919\v01\Debug\iic_bus_eeprom.r30 )
@ initial ( D:\git_svn\mobanji\mbj_test(JKMBJ)0919\v01\Debug\initial.r30 )
@ M_debug ( D:\git_svn\mobanji\mbj_test(JKMBJ)0919\v01\Debug\M_debug.r30 )
@ main ( D:\git_svn\mobanji\mbj_test(JKMBJ)0919\v01\Debug\main.r30 )
@ motor ( D:\git_svn\mobanji\mbj_test(JKMBJ)0919\v01\Debug\motor.r30 )
@ RC522 ( D:\git_svn\mobanji\mbj_test(JKMBJ)0919\v01\Debug\RC522.r30 )
@ solenoid ( D:\git_svn\mobanji\mbj_test(JKMBJ)0919\v01\Debug\solenoid.r30 )
@ step_motor_drv ( D:\git_svn\mobanji\mbj_test(JKMBJ)0919\v01\Debug\step_motor_drv.r30 )
@ system ( D:\git_svn\mobanji\mbj_test(JKMBJ)0919\v01\Debug\system.r30 )
@ uart1 ( D:\git_svn\mobanji\mbj_test(JKMBJ)0919\v01\Debug\uart1.r30 )
@ variables ( D:\git_svn\mobanji\mbj_test(JKMBJ)0919\v01\Debug\variables.r30 )
@ watch ( D:\git_svn\mobanji\mbj_test(JKMBJ)0919\v01\Debug\watch.r30 )
@ _f8lt ( C:\Renesas\NC30WA\V540R00\lib30\nc30lib.lib )
@ _i4div ( C:\Renesas\NC30WA\V540R00\lib30\nc30lib.lib )
@ _i4divu ( C:\Renesas\NC30WA\V540R00\lib30\nc30lib.lib )
@ _i4i2div ( C:\Renesas\NC30WA\V540R00\lib30\nc30lib.lib )
@ _i4mulu ( C:\Renesas\NC30WA\V540R00\lib30\nc30lib.lib )
@ _i4tof8 ( C:\Renesas\NC30WA\V540R00\lib30\nc30lib.lib )
@ _ltof ( C:\Renesas\NC30WA\V540R00\lib30\nc30lib.lib )
@ _mbase ( C:\Renesas\NC30WA\V540R00\lib30\nc30lib.lib )
@ bcopy ( C:\Renesas\NC30WA\V540R00\lib30\nc30lib.lib )
@ bzero ( C:\Renesas\NC30WA\V540R00\lib30\nc30lib.lib )
@ mdata ( C:\Renesas\NC30WA\V540R00\lib30\nc30lib.lib )
@ _f8ltor ( C:\Renesas\NC30WA\V540R00\lib30\nc30lib.lib )

##########################################
# (8) LOCAL EQU BIT-SYMBOL INFORMATION   #
##########################################
@ ncrt0 ( D:\git_svn\mobanji\mbj_test(JKMBJ)0919\v01\Debug\ncrt0.r30 )
@ action ( D:\git_svn\mobanji\mbj_test(JKMBJ)0919\v01\Debug\action.r30 )
@ communication ( D:\git_svn\mobanji\mbj_test(JKMBJ)0919\v01\Debug\communication.r30 )
@ delay ( D:\git_svn\mobanji\mbj_test(JKMBJ)0919\v01\Debug\delay.r30 )
@ iic_bus_eeprom ( D:\git_svn\mobanji\mbj_test(JKMBJ)0919\v01\Debug\iic_bus_eeprom.r30 )
@ initial ( D:\git_svn\mobanji\mbj_test(JKMBJ)0919\v01\Debug\initial.r30 )
@ M_debug ( D:\git_svn\mobanji\mbj_test(JKMBJ)0919\v01\Debug\M_debug.r30 )
@ main ( D:\git_svn\mobanji\mbj_test(JKMBJ)0919\v01\Debug\main.r30 )
@ motor ( D:\git_svn\mobanji\mbj_test(JKMBJ)0919\v01\Debug\motor.r30 )
@ RC522 ( D:\git_svn\mobanji\mbj_test(JKMBJ)0919\v01\Debug\RC522.r30 )
@ solenoid ( D:\git_svn\mobanji\mbj_test(JKMBJ)0919\v01\Debug\solenoid.r30 )
@ step_motor_drv ( D:\git_svn\mobanji\mbj_test(JKMBJ)0919\v01\Debug\step_motor_drv.r30 )
@ system ( D:\git_svn\mobanji\mbj_test(JKMBJ)0919\v01\Debug\system.r30 )
@ uart1 ( D:\git_svn\mobanji\mbj_test(JKMBJ)0919\v01\Debug\uart1.r30 )
@ variables ( D:\git_svn\mobanji\mbj_test(JKMBJ)0919\v01\Debug\variables.r30 )
@ watch ( D:\git_svn\mobanji\mbj_test(JKMBJ)0919\v01\Debug\watch.r30 )
@ _f8lt ( C:\Renesas\NC30WA\V540R00\lib30\nc30lib.lib )
@ _i4div ( C:\Renesas\NC30WA\V540R00\lib30\nc30lib.lib )
@ _i4divu ( C:\Renesas\NC30WA\V540R00\lib30\nc30lib.lib )
@ _i4i2div ( C:\Renesas\NC30WA\V540R00\lib30\nc30lib.lib )
@ _i4mulu ( C:\Renesas\NC30WA\V540R00\lib30\nc30lib.lib )
@ _i4tof8 ( C:\Renesas\NC30WA\V540R00\lib30\nc30lib.lib )
@ _ltof ( C:\Renesas\NC30WA\V540R00\lib30\nc30lib.lib )
@ _mbase ( C:\Renesas\NC30WA\V540R00\lib30\nc30lib.lib )
@ bcopy ( C:\Renesas\NC30WA\V540R00\lib30\nc30lib.lib )
@ bzero ( C:\Renesas\NC30WA\V540R00\lib30\nc30lib.lib )
@ mdata ( C:\Renesas\NC30WA\V540R00\lib30\nc30lib.lib )
@ _f8ltor ( C:\Renesas\NC30WA\V540R00\lib30\nc30lib.lib )

