##########################################
# (1) LINK INFORMATION                   #
##########################################
C:\Renesas\NC30WA\V540R00\bin\ln30.exe @D:\git_svn\mobanji\mbj_test(JKMBJ)0919\v01\Debug\v01.m16cl

# LINK FILE INFORMATION
ncrt0 (D:\git_svn\mobanji\mbj_test(JKMBJ)0919\v01\Debug\ncrt0.r30)
	Mar 21 19:10:10 2018

action (D:\git_svn\mobanji\mbj_test(JKMBJ)0919\v01\Debug\action.r30)
	May 27 08:22:17 2018

communication (D:\git_svn\mobanji\mbj_test(JKMBJ)0919\v01\Debug\communication.r30)
	May 26 09:42:20 2018

delay (D:\git_svn\mobanji\mbj_test(JKMBJ)0919\v01\Debug\delay.r30)
	May 26 09:42:21 2018

iic_bus_eeprom (D:\git_svn\mobanji\mbj_test(JKMBJ)0919\v01\Debug\iic_bus_eeprom.r30)
	May 26 09:42:22 2018

initial (D:\git_svn\mobanji\mbj_test(JKMBJ)0919\v01\Debug\initial.r30)
	May 26 09:42:23 2018

M_debug (D:\git_svn\mobanji\mbj_test(JKMBJ)0919\v01\Debug\M_debug.r30)
	May 26 09:42:15 2018

main (D:\git_svn\mobanji\mbj_test(JKMBJ)0919\v01\Debug\main.r30)
	May 26 09:42:24 2018

motor (D:\git_svn\mobanji\mbj_test(JKMBJ)0919\v01\Debug\motor.r30)
	May 26 09:42:26 2018

RC522 (D:\git_svn\mobanji\mbj_test(JKMBJ)0919\v01\Debug\RC522.r30)
	May 26 09:42:16 2018

solenoid (D:\git_svn\mobanji\mbj_test(JKMBJ)0919\v01\Debug\solenoid.r30)
	May 26 09:42:27 2018

step_motor_drv (D:\git_svn\mobanji\mbj_test(JKMBJ)0919\v01\Debug\step_motor_drv.r30)
	May 26 09:42:28 2018

system (D:\git_svn\mobanji\mbj_test(JKMBJ)0919\v01\Debug\system.r30)
	May 26 13:57:57 2018

uart1 (D:\git_svn\mobanji\mbj_test(JKMBJ)0919\v01\Debug\uart1.r30)
	May 26 09:42:31 2018

variables (D:\git_svn\mobanji\mbj_test(JKMBJ)0919\v01\Debug\variables.r30)
	May 25 09:14:07 2018

watch (D:\git_svn\mobanji\mbj_test(JKMBJ)0919\v01\Debug\watch.r30)
	May 26 09:42:32 2018

_f8lt (C:\Renesas\NC30WA\V540R00\lib30\nc30lib.lib)
	Dec  8 19:42:59 2005

_i4div (C:\Renesas\NC30WA\V540R00\lib30\nc30lib.lib)
	Dec  8 19:43:01 2005

_i4divu (C:\Renesas\NC30WA\V540R00\lib30\nc30lib.lib)
	Dec  8 19:43:01 2005

_i4i2div (C:\Renesas\NC30WA\V540R00\lib30\nc30lib.lib)
	Dec  8 19:43:01 2005

_i4mulu (C:\Renesas\NC30WA\V540R00\lib30\nc30lib.lib)
	Dec  8 19:43:02 2005

_i4tof8 (C:\Renesas\NC30WA\V540R00\lib30\nc30lib.lib)
	Dec  8 19:43:02 2005

_ltof (C:\Renesas\NC30WA\V540R00\lib30\nc30lib.lib)
	Dec  8 19:43:04 2005

_mbase (C:\Renesas\NC30WA\V540R00\lib30\nc30lib.lib)
	Dec  8 19:43:04 2005

bcopy (C:\Renesas\NC30WA\V540R00\lib30\nc30lib.lib)
	Dec  8 19:43:07 2005

bzero (C:\Renesas\NC30WA\V540R00\lib30\nc30lib.lib)
	Dec  8 19:43:07 2005

mdata (C:\Renesas\NC30WA\V540R00\lib30\nc30lib.lib)
	Dec  8 19:43:18 2005

_f8ltor (C:\Renesas\NC30WA\V540R00\lib30\nc30lib.lib)
	Dec  8 19:42:59 2005


##########################################
# (2) SECTION INFORMATION                #
##########################################
# SECTION                        ATR TYPE    START  LENGTH ALIGN MODULENAME
data_SE                          ABS DATA    000400 000000       ncrt0
bss_SE                           REL DATA    000400 000000 2     ncrt0
data_SO                          REL DATA    000400 000000       ncrt0
bss_SO                           REL DATA    000400 000000       ncrt0
data_NE                          REL DATA    000400 000000 2     ncrt0
                                 REL DATA    000400 000040 2     motor
                                 REL DATA    000440 00001A 2     RC522
                                 REL DATA    00045A 000012 2     variables
                                 REL DATA    00046C 000002 2     watch
                                 REL DATA    00046E 000010 2     mdata
bss_NE                           REL DATA    00047E 000000 2     ncrt0
                                 REL DATA    00047E 00035C 2     communication
                                 REL DATA    0007DA 0000B0 2     motor
                                 REL DATA    00088A 000014 2     RC522
                                 REL DATA    00089E 00001E 2     step_motor_drv
                                 REL DATA    0008BC 00016E 2     uart1
                                 REL DATA    000A2A 0061E0 2     variables
                                 REL DATA    006C0A 0000F8 2     watch
                                 REL DATA    006D02 000004 2     _mbase
                                 REL DATA    006D06 000008 2     mdata
data_NO                          REL DATA    006D0E 000000       ncrt0
                                 REL DATA    006D0E 000016       variables
bss_NO                           REL DATA    006D24 000000       ncrt0
                                 REL DATA    006D24 000001       action
                                 REL DATA    006D25 000004       communication
                                 REL DATA    006D29 00000C       motor
                                 REL DATA    006D35 000004       step_motor_drv
                                 REL DATA    006D39 000001       uart1
                                 REL DATA    006D3A 0002CB       variables
                                 REL DATA    007005 00000B       watch
stack                            REL DATA    007010 000600       ncrt0
heap                             REL DATA    007610 000300       ncrt0
rom_NE                           REL ROMDATA 007910 000000 2     ncrt0
rom_NO                           REL ROMDATA 007910 000000       ncrt0
data_FE                          ABS DATA    010000 000000       ncrt0
bss_FE                           REL DATA    010000 000000 2     ncrt0
data_FO                          REL DATA    010000 000000       ncrt0
bss_FO                           REL DATA    010000 000000       ncrt0
rom_FE                           ABS ROMDATA 0D0000 000000       ncrt0
                                 REL ROMDATA 0D0000 00052A 2     action
                                 REL ROMDATA 0D052A 000830 2     motor
rom_FO                           REL ROMDATA 0D0D5A 000000       ncrt0
                                 REL ROMDATA 0D0D5A 000108       action
                                 REL ROMDATA 0D0E62 000013       step_motor_drv
data_SEI                         REL ROMDATA 0D0E75 000000       ncrt0
data_SOI                         REL ROMDATA 0D0E75 000000       ncrt0
data_NEI                         REL ROMDATA 0D0E75 000000       ncrt0
                                 REL ROMDATA 0D0E75 000040       motor
                                 REL ROMDATA 0D0EB5 00001A       RC522
                                 REL ROMDATA 0D0ECF 000012       variables
                                 REL ROMDATA 0D0EE1 000002       watch
                                 REL ROMDATA 0D0EE3 000010       mdata
data_NOI                         REL ROMDATA 0D0EF3 000000       ncrt0
                                 REL ROMDATA 0D0EF3 000016       variables
data_FEI                         REL ROMDATA 0D0F09 000000       ncrt0
data_FOI                         REL ROMDATA 0D0F09 000000       ncrt0
program                          REL CODE    0D0F09 000000       ncrt0
                                 REL CODE    0D0F0A 006B58 2     action
                                 REL CODE    0D7A62 003075 2     communication
                                 REL CODE    0DAAD8 000062 2     delay
                                 REL CODE    0DAB3A 0003F0 2     iic_bus_eeprom
                                 REL CODE    0DAF2A 0014B4 2     initial
                                 REL CODE    0DC3DE 000084 2     M_debug
                                 REL CODE    0DC462 000779 2     main
                                 REL CODE    0DCBDC 004CA5 2     motor
                                 REL CODE    0E1882 000806 2     RC522
                                 REL CODE    0E2088 00005F 2     solenoid
                                 REL CODE    0E20E8 001460 2     step_motor_drv
                                 REL CODE    0E3548 004DAD 2     system
                                 REL CODE    0E82F6 000BD1 2     uart1
                                 REL CODE    0E8EC8 00077E 2     watch
                                 REL CODE    0E9646 0000A7 2     _f8lt
                                 REL CODE    0E96EE 000083 2     _i4div
                                 REL CODE    0E9772 00004D 2     _i4divu
                                 REL CODE    0E97C0 000041 2     _i4i2div
                                 REL CODE    0E9802 00001C 2     _i4mulu
                                 REL CODE    0E981E 000022 2     _i4tof8
                                 REL CODE    0E9840 0000D4 2     _ltof
                                 REL CODE    0E9914 000035 2     bcopy
                                 REL CODE    0E994A 000028 2     bzero
                                 REL CODE    0E9972 000054 2     _f8ltor
program_S                        REL CODE    0E99C6 000000       ncrt0
interrupt                        ABS CODE    0F9000 000000       ncrt0
                                 REL CODE    0F9000 000132       ncrt0
vector                           ABS CODE    0F9200 0000C0       ncrt0
fvector                          REL CODE    0F92C0 000000       ncrt0
# Total -------------------------------------------------------------------
                                     DATA           007510(0029968) Byte(s)
                                     ROMDATA        000F09(0003849) Byte(s)
                                     CODE           018CAF(0101551) Byte(s)

##########################################
# (3) GLOBAL LABEL INFORMATION           #
##########################################
$ByteRead          0dad32  $ByteWrite         0dacc4  $Calculate_Quick   0d3506
$CalulateCRC       0e1b92  $ChangeX           0d0f0a  $ChangeY           0d0f4e
$ClearBitMask      0e1d4a  $IicBusRead        0dab44  $IicBusWrite       0dabec
$M500PcdConfigIS   0e1cb2  $PBP_Line          0d7910  $PcdAnticoll       0e18f0
$PcdAuthState      0e19ec  $PcdComMF522       0e1d6c  $PcdRead           0e1a5a
$PcdRequest        0e1882  $PcdSelect         0e197a  $PcdWrite          0e1aba
$ReadRawRC         0e8d72  $SetBitMask        0e1d28  $WriteRawRC        0e8e14
$_f8ltor           0e9972  $_ltof             0e9840  $add_one_action    0d78d4
$cal_crc16         0e849a  $cal_forward       0dd5f6  $cal_forwardn      0dd988
$cal_pid_p_stop    0de6e4  $cal_pid_p_stopn   0de61a  $cal_pid_s         0de042
$cal_spd_ref       0dee62  $check_data        0d230e  $check_dsp_error   0e212c
$crc_calcu         0e2dee  $delay_ms          0daad8  $delay_us          0dab04
$exit              0f912d  $go_beginpoint     0d3c9c  $go_commandpoint   0d6128
$holding_axes      0df204  $inpress_down      0d1e58  $inpress_to        0d6a9a
$inpress_to_fors   0d6b6a  $int2string        0db956  $m_start           0dea38
$m_startn          0de83e  $movestep_x        0e24c0  $movestep_y        0e25b8
$movestep_yj       0e2794  $movestep_zx       0e26b8  $multipule_progr   0e349a
$multipule_progr   0e352a  $mymemcpy          0db918  $nop_move_emerge   0e287a
$oldmotoretable    0e0b68  $pdff_control      0de430  $process_making_   0d72f2
$process_nop_mov   0e3918  $protocol          0d7cec  $qd_quickmove      0e335e
$rc_pc             0df2b2  $read_multipule_   0e350a  $read_par          0dae20
$read_para_group   0dae9c  $read_stepmotor_   0e2d8c  $read_stepmotor_   0e2e46
$scan_pause_func   0d6cb4  $send_dsp1_comma   0e2b1c  $send_dsp2_comma   0e2b3e
$send_dsp3_comma   0e2b60  $send_dsp4_comma   0e2b82  $send_dsp_comman   0e2aa8
$send_multipule_   0e34ba  $set_func_code_i   0dc41c  $set_protocol_us   0dc450
$shift_func        0e7c3e  $special_sewing    0d6ce2  $string2int        0db93c
$test_nop_emerge   0dc3de  $tra1_com          0e8436  $tra_com           0d7bf0
$trim_io_control   0e44f6  $verify            0d7bca  $verify_code       0daab0
$write_par         0dae5e  $write_para_grou   0daee2  $write_stepmotor   0e2d4e
$write_stepmotor   0e2e98  $x_quickmove       0e2fd4  $y_quickmove       0e30f6
$zx_quickmove      0e3244  _AccFlag           00083e  _AdjustAngle       0068ac
_AdjustAngleSet    0068a4  _AgingLasting      006ed3  _CancelOverlabPo   006d66
_Cooling1sCounte   006b32  _CoolingActionFl   006ed4  _CoolingDuration   006b2e
_CoolingDuration   006b34  _CoolingInterval   006b2c  _CoolingInterval   006b30
_CurrentPointShi   006d64  _CurrentPointShi   006874  _CurrentXCoor      00686c
_CurrentYCoor      00686e  _CutActionCounte   0068b8  _CutActionFlag     006e0e
_DAActionCounter   0068b6  _DAActionFlag      006e0d  _DRV_DATA_LEN      006ecc
_DVALastState      006d69  _DVBLastState      006d68  _DVSMLastState     006d44
_DVSMcounter       006e6d  _DefaultKey        000454  _DelayCounter      006862
_DelayMsCount      006878  _DelayTime         00045a  _DestinationPoin   006876
_DisMotorAngle     0068aa  _EditElementComm   006d65  _EditEntranceFla   006d61
_ElementIndex      006d5d  _ElementIndexLat   006d5e  _ElementPointFla   006d5c
_EncoderZ_flag     006d9a  _FWendCounter      006e7a  _FindZeroFlag      006d99
_FootNumber        006e19  _FootRotateFlag    006d6a  _FootUpCom         006d67
_HighSpeedStitch   006e37  _IORGLastState     006e69  _Inductance_tab    0d052a
_InpresserIni_fl   006d23  _Judge_Quadrant    0d7896  _LRfooter_down_m   006e15
_LRfooter_up_mod   006e16  _LTR_trim_option   006e18  _L_AIR_flag        006df0
_LastPatternHave   006e1a  _LineStage         006d34  _MAIN_MOTOR_TYPE   006d3a
_MotionSet         006d6b  _MotiongSetFlag    006d6c  _MotorPositionSe   006d50
_MotorPreInit      0dcd9a  _MotorSpeedRigis   006d56  _MoveMode          006e36
_MoveStartAngle    0068fc  _MoveStartAngle_   0d01ea  _MoveStartAngle_   0d01a8
_MoveTime_Limtit   0d0e41  _MoveTime_Speed_   0d0dde  _MoveTime_Speed_   0d0e20
_MoveTime_Speed_   0d0dff  _MoveToCurrentCo   006d60  _NopMoveSpd_flag   006d75
_OW_RomID          006af0  _OutOfPositionTi   0068fa  _OutOfRange_flag   006d43
_OverCurrentOneC   0068f8  _PAUSE_OFF         006e65  _PAUSE_ON          006e64
_PI_Pre            000840  _PORG_action_fla   006e8b  _PSENSLastState    006e6a
_PSENScounter      006e6c  _PattenrDelayTim   006864  _PatternDelayFla   006d51
_PatternShiftVal   00686a  _PatternSpeedLim   006e1b  _PcdAntennaOff     0e1f06
_PcdAntennaOn      0e1ee4  _PcdHalt           0e1b62  _PcdReset          0e1c12
_PointShiftDirec   006d59  _PointShiftFlag    006d58  _PointShiftNumbe   006866
_RFID_SCAN         0e1f62  _RFID_initial      0e1f12  _Resistance_tab    0d056c
_Rfid_Nom          006be6  _RotateFlag        006d52  _Run_SpdIq         000400
_SPI_init          0e20e8  _SewDataFlag       006d5b  _SewTestStitchCo   006868
_SewingCounter     00045e  _SewingReverse     0d6f62  _SewingSpeedValu   006d53
_SewingStopFlag    006d54  _SewingStopValue   006d55  _SewingTestEndFl   006d62
_SewingTestFlag    006d22  _ShapePointFlag    006d5a  _Spd_Iq_PID        0dde5c
_SpeedRange        0068c8  _StartCondition    0dac68  _StatusChangeLat   006d63
_Step1Version      006d0e  _Step2Version      006d13  _Step3Version      006d18
_Step4Version      006d1d  _StepDrive1Versi   006870  _StepDrive2Versi   006872
_StitchSpeedCurv   006e38  _StitchStartFlag   006d90  _StitchUpFlag      006d57
_StopCondition     0dac98  _StopStatusFlag    006d6d  _TempEnd_point     000a5a
_TempPat_point     000a5e  _TempStart_point   000a5c  _TestStatusChang   006d5f
_Ud_i              000a60  _Uq_i              000a62  _X2_tab            0d032a
__WaitTime0us      0dadc2  __WaitTime1us      0dadc8  __WaitTime2us      0dadd4
__WaitTime6ms      0dadfc  __f8lt             0e9646  __i4div            0e96ee
__i4divU           0e9772  __i4i2div          0e97c0  __i4mulU           0e9802
__i4tof8           0e981e  __mbase            006d02  __memt             000476
__mnext            006d06  __msize            006d0a  __pool             00046e
_acc_tactic        0de564  _acctable          000870  _adtc_count        006e03
_adtc_flag         006e04  _after_trim_stop   006eaa  _aging_com         006e08
_aging_delay       006de9  _aging_flag        006de8  _aging_mode        006e5f
_aging_mode_coun   006b4a  _aging_mode_coun   006b4c  _aging_old_count   006b2a
_aging_selection   006edb  _alarmbuz_flag     006dfc  _alarmled_flag     006dfb
_allct_step        00688a  _allin_step        006888  _allow             006e24
_allx_coor_temp    00685a  _allx_step         00684a  _allx_step_last    006b26
_allx_step_temp    00685e  _ally_coor_temp    00685c  _ally_step         00684c
_ally_step_last    006b28  _ally_step_temp    006860  _allyj_step        006886
_already_auto_fi   006ee9  _already_in_orig   006e1f  _already_up_flag   006ffd
_angle_test_x      006ab2  _angle_test_y      006ab4  _at_solenoid       0e20b0
_atan_tab          0d05ae  _atum_data         006e26  _atum_flag         006e25
_auto_function_f   006e84  _auto_lock_flag    007004  _auto_select_fla   006e83
_autoprecess_foo   006e68  _autoprocess_act   006e73  _autoprocess_ino   006e6b
_autoprocess_put   006e75  _back_endpoint     0d3b62  _back_from_check   006e81
_back_startpoint   0d4c6a  _bakeup_total_co   006adc  _barcoder_time_b   006ee2
_base_tension      006ec0  _baseline_alarm_   006ea2  _baseline_alarm_   006af8
_baseline_detect   006ecf  _bcopy             0e9914  _before_down_spe   006902
_before_nopmove_   006e5d  _blow_air_action   006ffa  _blow_air_counte   006bec
_bobbin_change_d   006ed9  _bobbin_change_i   006ee0  _bobbin_change_s   006ece
_brkdt_flag        006e02  _bzero             0e994a  _caculate_stitch   006916
_calculate_angle   0d2c7c  _calculate_flag    006d8b  _check_data_spee   006918
_check_flag        006d89  _check_footer_st   0d72c0  _check_motion_do   0e2942
_checki03_status   0e6bca  _checki04_status   0e6bda  _checki05_status   0e7024
_checki06_status   0e71f4  _checki07_status   0e72e0  _checki08_status   0e7308
_checki10_status   0e7344  _checki11_status   0e75b0  _clamp_com         006dd3
_clamp_flag        006d42  _clamp_stepflag    006d94  _com_error         0daa9c
_comx_step         006856  _comy_step         006858  _connect_flag      006d8d
_conprocess_data   0d4142  _conprocess_edit   0d44ea  _continue_status   0e817c
_cool_air_1_sec    006bf6  _cool_air_action   006bf4  _cool_air_action   006fff
_cool_air_close_   006bf8  _cool_air_counte   006bf2  _cool_air_open_t   006bfa
_coor_com          006d4d  _coor_com_fun      0d6c98  _cooradjust_com    006d4e
_count_temp        006e9c  _counter_1ms       0068bc  _counter_wait_co   006eb9
_course_back       0d5216  _course_next       0d4fbe  _course_next_fla   006e8d
_course_stop       0d5472  _cover_position_   006eb4  _cover_position_   006eb5
_cpy_para_buff     0dbe0a  _csc_tab           0d06b0  _cut_end_angle     00683a
_cut_end_flag      006d7a  _cut_flag          006d77  _cut_mode          006e2e
_cut_move_flag     006e44  _cut_nopmove_fla   006e9f  _cut_pwm_counter   006e63
_cut_start_angle   006838  _cut_start_flag    006d79  _cut_tension       006ec1
_cut_test_flag     006e7f  _cutter_delay_co   006eeb  _cutter_delay_fl   006eec
_d_iq_last         000a64  _da0_flag          006df1  _data2             000450
_data_length_drv   006eca  _de_bug            006b22  _dead_point_degr   006e33
_dectable          000866  _delay_of_go_set   006e32  _delay_of_inpres   006e2f
_delay_of_nop_mo   006e31  _delay_of_wipper   006e30  _delay_process     0e61f4
_delay_start_fun   006ea8  _delay_start_tim   006ea9  _detect_position   0d5f92
_disable_24V_out   0d7876  _dither_tactic     0de57a  _do_pat_point_ad   0d6c36
_do_pat_point_su   0d6c62  _door_ac           000468  _door_dt           00046a
_down_stage        006d33  _down_up_stitch    006ea3  _download_drv_fl   006ec8
_download_drv_st   0e7f40  _download_multip   0e80d6  _download_status   0e771e
_drv_satus         006ecd  _dsp1_message      006ae0  _dsp1_step_crc     006be8
_dsp2_message      006ae2  _dsp2_step_crc     006bea  _dsp3_message      006ae4
_dsp4_message      006ae6  _edit_move_delay   0068c6  _emergency         0d5d3c
_emergency_count   006914  _emermove_high     006d93  _enable_24V_outp   0d7886
_end_angle_speed   006afe  _end_flag          006d85  _erase_falg        006ecb
_err_num_dsp1      006ae8  _err_num_dsp2      006aea  _err_num_dsp3      006aec
_err_num_dsp4      006aee  _error_status      0e5838  _eso_normal_cont   0de232
_eso_z1            00041a  _eso_z2            00041e  _etablenew1        0d0bfc
_etablenew2        0d0d1e  _exit              0f912d  _fa_solenoid       0e20ce
_fall_back_tacti   0de604  _find_communicat   006e7e  _find_dead_cente   0d1ea6
_find_dead_point   0d2072  _find_deadpoint_   006e1c  _find_start_poin   0d7584
_find_up_positio   0d2124  _find_zero         0d21a0  _findorigin_flag   006d9e
_finish_cut_flag   006e5e  _finish_nopmove_   006ed7  _finish_status     0e6774
_first_power_on_   007001  _first_stitch_fl   006d87  _fk_action_count   006b44
_fk_action_flag    006ed8  _flag_1ms          006d3b  _flag_start_wait   006eb8
_flag_wait_com     006eba  _flash_buz         0d5d2c  _flash_led         0d5d1c
_follow_inpresse   006bd6  _follow_inpresse   006bd4  _foot_com          006d4a
_foot_down         0d1c98  _foot_flag         006d3f  _foot_half_com     006d4b
_foot_half_down    0d1d88  _foot_half_flag    006d40  _foot_half_up      0d1c48
_foot_ready_coun   000a6a  _foot_ready_coun   000a6c  _foot_up           0d1c1c
_footer_both_dow   0d1da2  _footer_both_up    0d1c5a  _footer_procedur   0d1cce
_footer_working_   006e14  _formwork_identi   006e90  _fun_code          006e2a
_fun_default_fla   006e48  _fun_flag          006e29  _fw_action_count   006b1a
_fw_action_flag    006ec3  _fw_flag           006def  _fw_solenoid       0e2088
_fw_start_angle    006bd8  _g_ucTempbuf       00088a  _get_CORG_statu    0e3480
_get_IORG_statu    0e3466  _get_x_distance    0e284c  _get_y_distance    0e2862
_go_origin_allmo   0d1882  _go_origin_speed   006e40  _go_origin_x       0d0f90
_go_origin_xy      0d1a86  _go_origin_xy_bo   0d15f8  _go_origin_y       0d12e8
_go_origin_yj      0d6902  _go_origin_zx      0d6716  _go_setoutpoint    0d5b42
_go_startpoint     0d2222  _hevi_data         006e28  _hevi_flag         006e27
_hold_enable       006a7e  _holding_bobbin_   006bde  _identify_patter   0e3548
_iit_warning_val   006900  _initIicBus        0dab3a  _init_ad           0daf60
_init_clk          0dafa2  _init_comm         0d7b00  _init_da           0daf8c
_init_eeprom       0dadf8  _init_io           0daffc  _init_motor        0dcbec
_init_para_varia   0dc29c  _init_stepmotor_   0e243a  _init_ta0          0daf2a
_init_tb0          0dcbdc  _init_tb3          0daf3c  _init_tb4          0daf4e
_init_uart0        0d7a62  _init_uart1        0e833a  _init_uart1_RC52   0e8368
_init_var          0db102  _init_watch        0e8ec8  _initial           0db830
_initial_mainmot   0d6016  _initial_uart1_v   0e82f6  _inpress_action_   006e43
_inpress_com       006d4c  _inpress_delta     006bda  _inpress_down_de   006e3f
_inpress_end_fla   006d80  _inpress_first_f   006e47  _inpress_flag      006d41
_inpress_follow_   006bdc  _inpress_follow_   006b50  _inpress_follow_   0d0124
_inpress_follow_   0d00a0  _inpress_follow_   006ee5  _inpress_follow_   0d0d9c
_inpress_follow_   0d0d5a  _inpress_follow_   006e6e  _inpress_follow_   006ee7
_inpress_follow_   006b54  _inpress_follow_   006c06  _inpress_follow_   006b52
_inpress_follow_   0d0166  _inpress_follow_   0d00e2  _inpress_follow_   006ee6
_inpress_follow_   0d0dbd  _inpress_follow_   0d0d7b  _inpress_high      00690a
_inpress_high_ba   006908  _inpress_high_fl   006e3c  _inpress_high_li   006e3d
_inpress_high_wh   006e3e  _inpress_lower_s   006ef0  _inpress_lower_s   006eef
_inpress_mod_rem   006e80  _inpress_offset    006e77  _inpress_origin    006904
_inpress_positio   006844  _inpress_real_de   006906  _inpress_spdlimi   0d0000
_inpress_speed     006e66  _inpress_start_f   006d7f  _inpress_type      006e50
_inpress_up        0d1de0  _int0_finish_fla   006e45  _int0_int          0df142
_int1_int          0e95c2  _int2_int          0e95f8  _int3_finish_fla   006e46
_int3_int          0df16c  _iq_max_tester     000464  _jiting_flag       006e79
_jump_to_begin     0e2a12  _k03               006ebe  _keep_running_fo   0d1f82
_l                 006d32  _laser_cutter_ac   006ff4  _last_allx_step    006b40
_last_ally_step    006b42  _last_inpress_po   006910  _last_pattern_nu   006aa2
_last_pattern_po   006b3e  _last_speed        006884  _last_xstep_cou    006a98
_last_ystep_cou    006a9a  _lastmove_flag     006d73  _laststitch_flag   006d78
_led_light_adjus   006e55  _led_stay_1s_cou   006bfe  _led_stay_green_   006bfc
_led_turn_green_   007000  _m_spd_n           0068f4  _m_spd_n_last      0068f6
_m_spd_ref_n       0068f2  _m_status          006e0a  _machine_stop_fl   006d86
_main              0dc462  _main_control_lo   006ea1  _main_control_lo   006ffc
_making_pen_acto   006edc  _making_pen_nopm   006ff9  _making_pen_offs   006edf
_making_pen_stat   006edd  _manual_com        006d49  _manual_cut_flag   006e2b
_manual_operatio   006e61  _marking_finish_   006e8f  _marking_speed     006e8e
_mode0_angle       006b08  _mode0_time        006eb1  _mode1_x_angle     006b0a
_mode1_x_time      006eb2  _mode1_y_angle     006b0c  _mode1_y_time      006eb3
_monitor_predit_   006c04  _monitor_predit_   007003  _motor             000a30
_motor_control     0df430  _motor_lock_flag   006e56  _motor_para        0068dc
_motor_start       0df196  _motor_stuck_fla   006d9b  _motorconfig_fla   006d8e
_move_back         0d4e1a  _move_continue_b   0d4ec8  _move_continue_n   0d4d7c
_move_edit_start   0d4fa2  _move_flag         006d6e  _move_next         0d4cd2
_move_startpoint   0d4f6a  _move_xy           0d6466  _movect_angle      006882
_movestep_angle    00687a  _movestep_time     00687c  _movestep_x_flag   006d71
_movestep_y_flag   006d72  _movestepx_angle   00687e  _movestepx_time    006d91
_movestepxy_time   00690c  _movestepy_angle   006880  _movestepy_time    006d92
_movex_delay_cou   006e4a  _movex_delay_fla   006e4b  _movex_flag        006d6f
_movey_delay_cou   006e4c  _movey_delay_fla   006e4d  _movey_flag        006d70
_movezx_delay_co   006e4e  _movezx_delay_fl   006e4f  _ms_counter        000a66
_ms_scan_counter   000a68  _need_action_onc   006eaf  _need_action_two   006eb0
_need_backward_s   006ead  _need_down_flag    006ebc  _needle_cool_fla   006ed1
_needle_down       0d2034  _new_pattern_don   006e8a  _next_nop_x        006b14
_next_nop_y        006b16  _nop_move_delay    0068c2  _nop_move_k        006e23
_nop_move_pause_   006ed5  _nop_move_remain   006b3a  _nop_move_remain   006b3c
_nopmove_flag      006d76  _normal_control    0de094  _not_in_origin_f   006e20
_now_pattern_num   006c08  _one_step_delay    0068c4  _operate_dsp1ord   006ed0
_opl_origin_flag   006e57  _origin2_lastmov   006d74  _origin2_point     000a58
_origin_adjust_a   006e62  _origin_adjust_f   006e11  _origin_check_fl   006e9a
_origin_com        006d46  _origin_flag       006e12  _origin_footer_s   006e17
_output_com        006dee  _over_spd_flag     006e0c  _para              006b5a
_para_confirm      0d5db6  _pat_buf           000a72  _pat_buff_total_   006ada
_pat_buff_total_   006ade  _pat_buff_write_   006ad8  _pat_point         000a54
_pat_writting_fl   006e97  _pattern_buf_wri   006ea7  _pattern_change_   0068c0
_pattern_change_   006e89  _pattern_change_   006e88  _pattern_delay     006e87
_pattern_number    006aa0  _pattern_process   0e3594  _pause_count       006dfd
_pause_flag        006dfe  _pause_inpress_f   006e9e  _pause_inpress_f   006eb6
_pause_stop        0d5e80  _pdl_val_now       006a8c  _pdl_val_old       006a8e
_pedal_last_stat   006d3d  _pedal_pos0        006a90  _pedal_pos1        006a92
_pedal_pos2        006a94  _pedal_pos3        006a96  _pedal_state       006d3c
_pedal_style       006d3e  _power_off_count   0068b0  _poweroff_status   0e5e70
_pre_running       0e3670  _predit_shift      006d4f  _preedit_status    0e6318
_prewind_status    0e5b5c  _printf_uart       0e864e  _process_data      0d2e02
_process_edit_da   0d31b2  _process_flag      006d8a  _process_uart1_d   0e8afc
_put_down_counte   006e76  _pwm_forbid_flag   006e0b  _pwm_int           0dcfb2
_r                 006d31  _ratio_array       006ab6  _rc522_control_f   006ff7
_rc522_ok_flag     006ff8  _rc522_write_fal   006ff5  _rc522_write_ret   006ff6
_rc_write_data     000440  _read_step_x       006b36  _read_step_y       006b38
_read_stepmotor_   0e2918  _read_stepmotor_   0e29c6  _ready_dsp1_time   0e28b6
_ready_go_setout   006e78  _ready_status      0e3bc0  _rec1_com          0e852a
_rec1_datalength   006b56  _rec1_package_le   006b58  _rec1_status_mac   006ee8
_rec1_total_coun   006be4  _rec_buf           0005b2  _rec_com           0d7c5c
_rec_status        006d25  _recieve_flag      006ec9  _recieve_x         0008b6
_recieve_y         0008b8  _recieve_z         0008ba  _recpat_point      006836
_remove_01         0d5850  _remove_03         0d58d2  _remove_04         0d591c
_remove_06         0d599e  _remove_07         0d59e8  _remove_09         0d5a6a
_remove_10         0d5ab4  _remove_12         0d5806  _remove_stop       0d5b36
_repeat_com        006d48  _request_rfid_nu   006bf0  _requset_which_s   006e96
_reset_panel       0d6000  _restore_para_fr   0db97c  _return_from_set   006e74
_return_origin_f   006e8c  _rfid_alarm_coun   006bee  _rfid_alarm_flag   006ffe
_rfid_config_fla   006e22  _rfid_wr_ret       0daa10  _rotated_abs_ang   006c02
_rotated_functio   007002  _rotated_positio   006c00  _run_status        0e48bc
_running_flag      006ed2  _second_start_co   006ec7  _second_start_sw   006ec6
_send_command      0006e0  _send_flag         006e98  _send_stepmotor_   0e29ae
_send_stepmotor_   0e295e  _serail_config_f   006e21  _serail_module_s   006e91
_serail_number     006ab0  _set_uart1_debug   0e8396  _setout_emermove   006e3b
_setout_flag       006e99  _setout_status     0e5ee8  _setup_stepper_m   0e2ba4
_sevro_curve_num   006e9d  _sew_speed         00688c  _sew_stitch        00688e
_sewing_ren_flag   006a9c  _sewing_stop       0d5e4c  _sewing_stop_mid   0d5e66
_sewing_tenion     006ec2  _sewingcontrol_f   006eab  _sewingcontrol_s   006eac
_sewingcontrol_t   006eae  _sewingcontrol_t   006eda  _sfsw_count        006e05
_sfsw_count1       006e06  _sfsw_flag         006e07  _shift_01          0d54cc
_shift_03          0d555a  _shift_04          0d55b0  _shift_06          0d563e
_shift_07          0d5694  _shift_09          0d5722  _shift_10          0d5778
_shift_12          0d5476  _shift_flag        006df8  _shift_flag_old    006df9
_shift_low_flag    006dfa  _shift_reply       006df7  _sin_tab           0d081a
_single_back       0d4a5e  _single_edit_con   0d4b62  _single_edit_con   0d492e
_single_end        0d4c8c  _single_flag       006df6  _single_move_fun   0e778c
_single_move_spe   006e41  _single_next       0d488c  _single_reply      006df5
_single_start      0d4ca4  _single_stop       0d4cbc  _slack_status      0e696e
_slow_flag         006d88  _slowdown_stitch   006ebb  _sm_overload_cou   006e39
_sm_overload_fla   006e3a  _sm_overload_val   0068fe  _smotor_directio   006e54
_smotor_speed      006ded  _smotor_speed_co   006b18  _smotor_speed_fl   006ebd
_software_key_bo   006ef4  _software_key_fo   006ef1  _software_key_pa   006ef3
_software_key_ru   006ef2  _sound_count       0068ae  _sox_step          006852
_soy_step          006854  _spd_monitor       006b46  _spd_tmp           000824
_spdlimit_10080_   0d022c  _special_footer_   006e85  _special_go_allm   006ed6
_special_machine   006e67  _speed_display_m   006e49  _speed_down_coun   006e94
_speed_down_stit   006e92  _speed_limit       006e9b  _speed_min_teste   000466
_speed_up_value    006b48  _spi_flag          006e09  _spider_lim        0068b4
_spider_man        0068b2  _spiint            0e21b0  _sta_point         000a56
_start_angle_spe   006afc  _start_flag        006d8c  _start_to_speed_   006e93
_status_15         006d98  _status_now        006d97  _stay_end_flag     006ea6
_stay_flag         006dff  _stepconfig_flag   006d8f  _steper_footer_p   006a8a
_steper_footer_r   006a88  _stepmotor_comm    006df2  _stepmotor_para    0e28e0
_stepmotor_singl   006df4  _stepmotor_state   006df3  _stepper_cutter_   006bd2
_stepper_cutter_   006eee  _stepstatus1       0068e6  _stepstatus2       0068e8
_stepversion1      0068ea  _stepversion2      0068ec  _stepversion3      0068ee
_stepversion4      0068f0  _stitch_counter    006848  _stitch_num        006846
_stop_flag         006d83  _stop_foot_statu   006e2d  _stop_number       006d84
_stretch_action_   006a9e  _stretch_action_   006e82  _stretch_down_de   006e53
_stretch_foot_en   006e35  _stretch_foot_fl   006e34  _stretch_out_del   006e51
_stretch_up_dela   006e52  _super_pattern_f   006e95  _svpara_buf        00691a
_svpara_disp_buf   00697e  _svpara_trans_fl   006e5c  _sys               000a2a
_sys_watch         0e8f7c  _ta0_int           0dc754  _tactic_flag       000462
_tactic_flag_las   000460  _tail_sewing       0d721a  _tail_sewing_fla   006ede
_tail_sewing_spe   006b4e  _tail_sewing_spe   006ee1  _tan_tab           0d09fc
_target_allx_ste   006b02  _target_ally_ste   006b04  _target_pat_poin   006b00
_target_total_co   006b06  _tb1_flag          006d95  _tb3_int           0dcb44
_tb4_int           0dcb62  _temp_tension      006d96  _temp_tension_la   006ebf
_tension           006d9c  _tension_end_ang   00683e  _tension_end_fla   006d7c
_tension_open_co   00690e  _tension_open_sw   006e42  _tension_release   006a86
_tension_release   006a80  _tension_start_a   00683c  _tension_start_f   006d7b
_test_action_cou   0068ba  _test_action_fla   006e0f  _test_brk_flag     006eb7
_test_counet_ms    006b0e  _test_da           006e72  _test_flag         006e6f
_test_flag2        006e70  _test_flag3        006e71  _test_nop_x        006b10
_test_nop_y        006b12  _test_value1       006d27  _test_value2       006d28
_thbrk_count       006e00  _thbrk_flag        006e01  _theta_adjust      006912
_thread_holding_   006ec5  _thread_holding_   006b20  _thread_holding_   006b1e
_thread_holding_   006b1c  _thread_holding_   006ec4  _thread_switch     006ea0
_total_counter_t   006afa  _tra1_buf          006ef5  _tra1_ind_r        006be0
_tra1_ind_w        006be2  _trans_x           0008b0  _trans_y           0008b2
_trans_z           0008b4  _trim              0d66ea  _trim_action       0e452a
_turnoff_buz       0d5ce4  _turnoff_led       0d5cd0  _turnoff_ledbuz    0d5cf2
_turnon_buz        0d5d0e  _turnon_led        0d5cfa  _u02               006da2
_u03               006da3  _u04               006da4  _u05               006da5
_u06               006da6  _u07               006da7  _u08               006da8
_u09               006da9  _u10               006daa  _u101              006de2
_u103              006de3  _u104              006de4  _u105              006de5
_u11               006dab  _u112              006de6  _u12               006dac
_u13               006dad  _u14               006dae  _u15               006d9d
_u16               006dcf  _u201              006daf  _u202              006db0
_u203              006db1  _u204              006db2  _u205              006db3
_u206              006db4  _u207              006db5  _u208              006db6
_u209              006db7  _u210              006db8  _u211              006890
_u212              006db9  _u213              006892  _u214              006894
_u215              006896  _u216              006898  _u217              006dba
_u218              006dbb  _u219              006dbc  _u220              006dbd
_u221              006dbe  _u222              006dbf  _u223              00689a
_u224              006dc0  _u225              006dc1  _u226              006dc2
_u227              006dc3  _u228              006dc4  _u229              006dc5
_u230              006dc6  _u231              006dc7  _u232              006dc8
_u233              006dc9  _u234              006dca  _u235              006dcb
_u236              00689c  _u237              006dcc  _u238              00689e
_u239              006dcd  _u240              0068a0  _u241              0068a2
_u242              006dce  _u243              006e10  _u26               006dd0
_u33               006dd1  _u34               006dd2  _u35               006dec
_u36               006dd4  _u37               006dd5  _u38               006dd6
_u39               006dd7  _u40               006dd8  _u41               006dd9
_u42               006dda  _u46               006ddb  _u48               006ddc
_u49               006da1  _u51               006da0  _u68               006ddd
_u69               006dde  _u70               006ddf  _u71               006d9f
_u72               006dea  _u73               006deb  _u89               006de7
_u94               006de0  _u97               006de1  _uart1_rec_int     0e8404
_uart1_tra_int     0e83c4  _uart_rec_int      0d7b98  _uart_tra_int      0d7b54
_unaging_flag      006e60  _urat0_rate_1152   0d7a8a  _us_counter        000a70
_version_check     0e2476  _waiting_count     0006de  _waitingforomove   006e7b
_waitting_for_po   006ffb  _watch_initializ   0e9554  _wind_com          006d47
_wind_mode         006e13  _wind_status       0e5d5c  _wipe_end_flag     006d7e
_wipe_end_time     006d82  _wipe_start_flag   006d7d  _wipe_start_time   006d81
_wipe_time         000a6e  _wiper_end_time    006842  _wiper_start_tim   006840
_wirte_stepermot   006ee3  _write_eeprom_pa   006eea  _write_stepmotor   006ee4
_x_bios            0068a6  _x_bios_offset     006aac  _x_laser_offset    006aa8
_x_motor_dir       006e58  _x_movedone        006e7c  _x_origin_offset   006a82
_x_pen_offset      006aa4  _x_sensor_pos      006e2c  _x_step_current_   006e1d
_x_step_curve      006ea4  _xstep_cou         00684e  _y_bios            0068a8
_y_bios_offset     006aae  _y_laser_offset    006aaa  _y_motor_dir       006e59
_y_movedone        006e7d  _y_origin_offset   006a84  _y_pen_offset      006aa6
_y_step_current_   006e1e  _y_step_curve      006ea5  _yj_motor_dir      006e5b
_yj_step_current   006eed  _ystep_cou         006850  _z_motor_dir       006e5a
_zero_speed_flag   006e86  _zoom_in_one_sti   0d702a  _zpl_pass          006d45
_zpl_process       0d667c  start              0f9000  

##########################################
# (4) GLOBAL EQU SYMBOL INFORMATION      #
##########################################
__SB__           00000400  

##########################################
# (5) GLOBAL EQU BIT-SYMBOL INFORMATION  #
##########################################

##########################################
# (6) LOCAL LABEL INFORMATION            #
##########################################
@ ncrt0 ( D:\git_svn\mobanji\mbj_test(JKMBJ)0919\v01\Debug\ncrt0.r30 )
@ action ( D:\git_svn\mobanji\mbj_test(JKMBJ)0919\v01\Debug\action.r30 )
@ communication ( D:\git_svn\mobanji\mbj_test(JKMBJ)0919\v01\Debug\communication.r30 )
@ delay ( D:\git_svn\mobanji\mbj_test(JKMBJ)0919\v01\Debug\delay.r30 )
@ iic_bus_eeprom ( D:\git_svn\mobanji\mbj_test(JKMBJ)0919\v01\Debug\iic_bus_eeprom.r30 )
@ initial ( D:\git_svn\mobanji\mbj_test(JKMBJ)0919\v01\Debug\initial.r30 )
@ M_debug ( D:\git_svn\mobanji\mbj_test(JKMBJ)0919\v01\Debug\M_debug.r30 )
@ main ( D:\git_svn\mobanji\mbj_test(JKMBJ)0919\v01\Debug\main.r30 )
@ motor ( D:\git_svn\mobanji\mbj_test(JKMBJ)0919\v01\Debug\motor.r30 )
@ RC522 ( D:\git_svn\mobanji\mbj_test(JKMBJ)0919\v01\Debug\RC522.r30 )
@ solenoid ( D:\git_svn\mobanji\mbj_test(JKMBJ)0919\v01\Debug\solenoid.r30 )
@ step_motor_drv ( D:\git_svn\mobanji\mbj_test(JKMBJ)0919\v01\Debug\step_motor_drv.r30 )
@ system ( D:\git_svn\mobanji\mbj_test(JKMBJ)0919\v01\Debug\system.r30 )
@ uart1 ( D:\git_svn\mobanji\mbj_test(JKMBJ)0919\v01\Debug\uart1.r30 )
@ variables ( D:\git_svn\mobanji\mbj_test(JKMBJ)0919\v01\Debug\variables.r30 )
@ watch ( D:\git_svn\mobanji\mbj_test(JKMBJ)0919\v01\Debug\watch.r30 )
@ _f8lt ( C:\Renesas\NC30WA\V540R00\lib30\nc30lib.lib )
@ _i4div ( C:\Renesas\NC30WA\V540R00\lib30\nc30lib.lib )
@ _i4divu ( C:\Renesas\NC30WA\V540R00\lib30\nc30lib.lib )
@ _i4i2div ( C:\Renesas\NC30WA\V540R00\lib30\nc30lib.lib )
@ _i4mulu ( C:\Renesas\NC30WA\V540R00\lib30\nc30lib.lib )
@ _i4tof8 ( C:\Renesas\NC30WA\V540R00\lib30\nc30lib.lib )
@ _ltof ( C:\Renesas\NC30WA\V540R00\lib30\nc30lib.lib )
@ _mbase ( C:\Renesas\NC30WA\V540R00\lib30\nc30lib.lib )
@ bcopy ( C:\Renesas\NC30WA\V540R00\lib30\nc30lib.lib )
@ bzero ( C:\Renesas\NC30WA\V540R00\lib30\nc30lib.lib )
@ mdata ( C:\Renesas\NC30WA\V540R00\lib30\nc30lib.lib )
@ _f8ltor ( C:\Renesas\NC30WA\V540R00\lib30\nc30lib.lib )

##########################################
# (7) LOCAL EQU SYMBOL INFORMATION       #
##########################################
@ ncrt0 ( D:\git_svn\mobanji\mbj_test(JKMBJ)0919\v01\Debug\ncrt0.r30 )
@ action ( D:\git_svn\mobanji\mbj_test(JKMBJ)0919\v01\Debug\action.r30 )
@ communication ( D:\git_svn\mobanji\mbj_test(JKMBJ)0919\v01\Debug\communication.r30 )
@ delay ( D:\git_svn\mobanji\mbj_test(JKMBJ)0919\v01\Debug\delay.r30 )
@ iic_bus_eeprom ( D:\git_svn\mobanji\mbj_test(JKMBJ)0919\v01\Debug\iic_bus_eeprom.r30 )
@ initial ( D:\git_svn\mobanji\mbj_test(JKMBJ)0919\v01\Debug\initial.r30 )
@ M_debug ( D:\git_svn\mobanji\mbj_test(JKMBJ)0919\v01\Debug\M_debug.r30 )
@ main ( D:\git_svn\mobanji\mbj_test(JKMBJ)0919\v01\Debug\main.r30 )
@ motor ( D:\git_svn\mobanji\mbj_test(JKMBJ)0919\v01\Debug\motor.r30 )
@ RC522 ( D:\git_svn\mobanji\mbj_test(JKMBJ)0919\v01\Debug\RC522.r30 )
@ solenoid ( D:\git_svn\mobanji\mbj_test(JKMBJ)0919\v01\Debug\solenoid.r30 )
@ step_motor_drv ( D:\git_svn\mobanji\mbj_test(JKMBJ)0919\v01\Debug\step_motor_drv.r30 )
@ system ( D:\git_svn\mobanji\mbj_test(JKMBJ)0919\v01\Debug\system.r30 )
@ uart1 ( D:\git_svn\mobanji\mbj_test(JKMBJ)0919\v01\Debug\uart1.r30 )
@ variables ( D:\git_svn\mobanji\mbj_test(JKMBJ)0919\v01\Debug\variables.r30 )
@ watch ( D:\git_svn\mobanji\mbj_test(JKMBJ)0919\v01\Debug\watch.r30 )
@ _f8lt ( C:\Renesas\NC30WA\V540R00\lib30\nc30lib.lib )
@ _i4div ( C:\Renesas\NC30WA\V540R00\lib30\nc30lib.lib )
@ _i4divu ( C:\Renesas\NC30WA\V540R00\lib30\nc30lib.lib )
@ _i4i2div ( C:\Renesas\NC30WA\V540R00\lib30\nc30lib.lib )
@ _i4mulu ( C:\Renesas\NC30WA\V540R00\lib30\nc30lib.lib )
@ _i4tof8 ( C:\Renesas\NC30WA\V540R00\lib30\nc30lib.lib )
@ _ltof ( C:\Renesas\NC30WA\V540R00\lib30\nc30lib.lib )
@ _mbase ( C:\Renesas\NC30WA\V540R00\lib30\nc30lib.lib )
@ bcopy ( C:\Renesas\NC30WA\V540R00\lib30\nc30lib.lib )
@ bzero ( C:\Renesas\NC30WA\V540R00\lib30\nc30lib.lib )
@ mdata ( C:\Renesas\NC30WA\V540R00\lib30\nc30lib.lib )
@ _f8ltor ( C:\Renesas\NC30WA\V540R00\lib30\nc30lib.lib )

##########################################
# (8) LOCAL EQU BIT-SYMBOL INFORMATION   #
##########################################
@ ncrt0 ( D:\git_svn\mobanji\mbj_test(JKMBJ)0919\v01\Debug\ncrt0.r30 )
@ action ( D:\git_svn\mobanji\mbj_test(JKMBJ)0919\v01\Debug\action.r30 )
@ communication ( D:\git_svn\mobanji\mbj_test(JKMBJ)0919\v01\Debug\communication.r30 )
@ delay ( D:\git_svn\mobanji\mbj_test(JKMBJ)0919\v01\Debug\delay.r30 )
@ iic_bus_eeprom ( D:\git_svn\mobanji\mbj_test(JKMBJ)0919\v01\Debug\iic_bus_eeprom.r30 )
@ initial ( D:\git_svn\mobanji\mbj_test(JKMBJ)0919\v01\Debug\initial.r30 )
@ M_debug ( D:\git_svn\mobanji\mbj_test(JKMBJ)0919\v01\Debug\M_debug.r30 )
@ main ( D:\git_svn\mobanji\mbj_test(JKMBJ)0919\v01\Debug\main.r30 )
@ motor ( D:\git_svn\mobanji\mbj_test(JKMBJ)0919\v01\Debug\motor.r30 )
@ RC522 ( D:\git_svn\mobanji\mbj_test(JKMBJ)0919\v01\Debug\RC522.r30 )
@ solenoid ( D:\git_svn\mobanji\mbj_test(JKMBJ)0919\v01\Debug\solenoid.r30 )
@ step_motor_drv ( D:\git_svn\mobanji\mbj_test(JKMBJ)0919\v01\Debug\step_motor_drv.r30 )
@ system ( D:\git_svn\mobanji\mbj_test(JKMBJ)0919\v01\Debug\system.r30 )
@ uart1 ( D:\git_svn\mobanji\mbj_test(JKMBJ)0919\v01\Debug\uart1.r30 )
@ variables ( D:\git_svn\mobanji\mbj_test(JKMBJ)0919\v01\Debug\variables.r30 )
@ watch ( D:\git_svn\mobanji\mbj_test(JKMBJ)0919\v01\Debug\watch.r30 )
@ _f8lt ( C:\Renesas\NC30WA\V540R00\lib30\nc30lib.lib )
@ _i4div ( C:\Renesas\NC30WA\V540R00\lib30\nc30lib.lib )
@ _i4divu ( C:\Renesas\NC30WA\V540R00\lib30\nc30lib.lib )
@ _i4i2div ( C:\Renesas\NC30WA\V540R00\lib30\nc30lib.lib )
@ _i4mulu ( C:\Renesas\NC30WA\V540R00\lib30\nc30lib.lib )
@ _i4tof8 ( C:\Renesas\NC30WA\V540R00\lib30\nc30lib.lib )
@ _ltof ( C:\Renesas\NC30WA\V540R00\lib30\nc30lib.lib )
@ _mbase ( C:\Renesas\NC30WA\V540R00\lib30\nc30lib.lib )
@ bcopy ( C:\Renesas\NC30WA\V540R00\lib30\nc30lib.lib )
@ bzero ( C:\Renesas\NC30WA\V540R00\lib30\nc30lib.lib )
@ mdata ( C:\Renesas\NC30WA\V540R00\lib30\nc30lib.lib )
@ _f8ltor ( C:\Renesas\NC30WA\V540R00\lib30\nc30lib.lib )

