##########################################
# (1) LINK INFORMATION                   #
##########################################
C:\Renesas\NC30WA\V540R00\bin\ln30.exe @D:\git_svn\mobanji\mbj_test(JKMBJ)0919\v01\Debug\v01.m16cl

# LINK FILE INFORMATION
ncrt0 (D:\git_svn\mobanji\mbj_test(JKMBJ)0919\v01\Debug\ncrt0.r30)
	Nov 13 10:11:47 2017

action (D:\git_svn\mobanji\mbj_test(JKMBJ)0919\v01\Debug\action.r30)
	Nov 13 13:37:06 2017

communication (D:\git_svn\mobanji\mbj_test(JKMBJ)0919\v01\Debug\communication.r30)
	Nov 13 10:11:41 2017

delay (D:\git_svn\mobanji\mbj_test(JKMBJ)0919\v01\Debug\delay.r30)
	Nov 13 10:11:41 2017

iic_bus_eeprom (D:\git_svn\mobanji\mbj_test(JKMBJ)0919\v01\Debug\iic_bus_eeprom.r30)
	Nov 13 10:11:41 2017

initial (D:\git_svn\mobanji\mbj_test(JKMBJ)0919\v01\Debug\initial.r30)
	Nov 13 10:11:42 2017

M_debug (D:\git_svn\mobanji\mbj_test(JKMBJ)0919\v01\Debug\M_debug.r30)
	Nov 13 10:11:38 2017

main (D:\git_svn\mobanji\mbj_test(JKMBJ)0919\v01\Debug\main.r30)
	Nov 13 10:11:42 2017

motor (D:\git_svn\mobanji\mbj_test(JKMBJ)0919\v01\Debug\motor.r30)
	Nov 13 10:11:43 2017

RC522 (D:\git_svn\mobanji\mbj_test(JKMBJ)0919\v01\Debug\RC522.r30)
	Nov 13 10:11:39 2017

solenoid (D:\git_svn\mobanji\mbj_test(JKMBJ)0919\v01\Debug\solenoid.r30)
	Nov 13 10:11:44 2017

step_motor_drv (D:\git_svn\mobanji\mbj_test(JKMBJ)0919\v01\Debug\step_motor_drv.r30)
	Nov 13 10:11:44 2017

system (D:\git_svn\mobanji\mbj_test(JKMBJ)0919\v01\Debug\system.r30)
	Nov 13 16:22:30 2017

uart1 (D:\git_svn\mobanji\mbj_test(JKMBJ)0919\v01\Debug\uart1.r30)
	Nov 13 10:11:46 2017

variables (D:\git_svn\mobanji\mbj_test(JKMBJ)0919\v01\Debug\variables.r30)
	Nov 13 10:11:46 2017

watch (D:\git_svn\mobanji\mbj_test(JKMBJ)0919\v01\Debug\watch.r30)
	Nov 13 10:11:47 2017

_f8lt (C:\Renesas\NC30WA\V540R00\lib30\nc30lib.lib)
	Dec  8 19:42:59 2005

_i4div (C:\Renesas\NC30WA\V540R00\lib30\nc30lib.lib)
	Dec  8 19:43:01 2005

_i4divu (C:\Renesas\NC30WA\V540R00\lib30\nc30lib.lib)
	Dec  8 19:43:01 2005

_i4i2div (C:\Renesas\NC30WA\V540R00\lib30\nc30lib.lib)
	Dec  8 19:43:01 2005

_i4mulu (C:\Renesas\NC30WA\V540R00\lib30\nc30lib.lib)
	Dec  8 19:43:02 2005

_i4tof8 (C:\Renesas\NC30WA\V540R00\lib30\nc30lib.lib)
	Dec  8 19:43:02 2005

_ltof (C:\Renesas\NC30WA\V540R00\lib30\nc30lib.lib)
	Dec  8 19:43:04 2005

_mbase (C:\Renesas\NC30WA\V540R00\lib30\nc30lib.lib)
	Dec  8 19:43:04 2005

bcopy (C:\Renesas\NC30WA\V540R00\lib30\nc30lib.lib)
	Dec  8 19:43:07 2005

bzero (C:\Renesas\NC30WA\V540R00\lib30\nc30lib.lib)
	Dec  8 19:43:07 2005

mdata (C:\Renesas\NC30WA\V540R00\lib30\nc30lib.lib)
	Dec  8 19:43:18 2005

memcpy (C:\Renesas\NC30WA\V540R00\lib30\nc30lib.lib)
	Dec  8 19:43:19 2005

_f8ltor (C:\Renesas\NC30WA\V540R00\lib30\nc30lib.lib)
	Dec  8 19:42:59 2005


##########################################
# (2) SECTION INFORMATION                #
##########################################
# SECTION                        ATR TYPE    START  LENGTH ALIGN MODULENAME
data_SE                          ABS DATA    000400 000000       ncrt0
bss_SE                           REL DATA    000400 000000 2     ncrt0
data_SO                          REL DATA    000400 000000       ncrt0
bss_SO                           REL DATA    000400 000000       ncrt0
data_NE                          REL DATA    000400 000000 2     ncrt0
                                 REL DATA    000400 000040 2     motor
                                 REL DATA    000440 00001A 2     RC522
                                 REL DATA    00045A 000012 2     variables
                                 REL DATA    00046C 000002 2     watch
                                 REL DATA    00046E 000010 2     mdata
bss_NE                           REL DATA    00047E 000000 2     ncrt0
                                 REL DATA    00047E 00030C 2     communication
                                 REL DATA    00078A 0000B0 2     motor
                                 REL DATA    00083A 000014 2     RC522
                                 REL DATA    00084E 00001A 2     step_motor_drv
                                 REL DATA    000868 00016E 2     uart1
                                 REL DATA    0009D6 006140 2     variables
                                 REL DATA    006B16 0000F8 2     watch
                                 REL DATA    006C0E 000004 2     _mbase
                                 REL DATA    006C12 000008 2     mdata
data_NO                          REL DATA    006C1A 000000       ncrt0
                                 REL DATA    006C1A 00000C       variables
bss_NO                           REL DATA    006C26 000000       ncrt0
                                 REL DATA    006C26 000001       action
                                 REL DATA    006C27 000004       communication
                                 REL DATA    006C2B 00000C       motor
                                 REL DATA    006C37 000002       step_motor_drv
                                 REL DATA    006C39 000001       uart1
                                 REL DATA    006C3A 000319       variables
                                 REL DATA    006F53 00000B       watch
stack                            REL DATA    006F5E 000600       ncrt0
heap                             REL DATA    00755E 000300       ncrt0
rom_NE                           REL ROMDATA 00785E 000000 2     ncrt0
rom_NO                           REL ROMDATA 00785E 000000       ncrt0
data_FE                          ABS DATA    010000 000000       ncrt0
bss_FE                           REL DATA    010000 000000 2     ncrt0
data_FO                          REL DATA    010000 000000       ncrt0
bss_FO                           REL DATA    010000 000000       ncrt0
rom_FE                           ABS ROMDATA 0E0000 000000       ncrt0
                                 REL ROMDATA 0E0000 000498 2     action
                                 REL ROMDATA 0E0498 000830 2     motor
rom_FO                           REL ROMDATA 0E0CC8 000000       ncrt0
                                 REL ROMDATA 0E0CC8 0000C6       action
                                 REL ROMDATA 0E0D8E 000013       step_motor_drv
data_SEI                         REL ROMDATA 0E0DA1 000000       ncrt0
data_SOI                         REL ROMDATA 0E0DA1 000000       ncrt0
data_NEI                         REL ROMDATA 0E0DA1 000000       ncrt0
                                 REL ROMDATA 0E0DA1 000040       motor
                                 REL ROMDATA 0E0DE1 00001A       RC522
                                 REL ROMDATA 0E0DFB 000012       variables
                                 REL ROMDATA 0E0E0D 000002       watch
                                 REL ROMDATA 0E0E0F 000010       mdata
data_NOI                         REL ROMDATA 0E0E1F 000000       ncrt0
                                 REL ROMDATA 0E0E1F 00000C       variables
data_FEI                         REL ROMDATA 0E0E2B 000000       ncrt0
data_FOI                         REL ROMDATA 0E0E2B 000000       ncrt0
program                          REL CODE    0E0E2B 000000       ncrt0
                                 REL CODE    0E0E2C 006895 2     action
                                 REL CODE    0E76C2 002ED9 2     communication
                                 REL CODE    0EA59C 000062 2     delay
                                 REL CODE    0EA5FE 0003F1 2     iic_bus_eeprom
                                 REL CODE    0EA9F0 001199 2     initial
                                 REL CODE    0EBB8A 000084 2     M_debug
                                 REL CODE    0EBC0E 0006B3 2     main
                                 REL CODE    0EC2C2 004CA5 2     motor
                                 REL CODE    0F0F68 000965 2     RC522
                                 REL CODE    0F18CE 00005F 2     solenoid
                                 REL CODE    0F192E 0010F7 2     step_motor_drv
                                 REL CODE    0F2A26 004BF1 2     system
                                 REL CODE    0F7618 000BFB 2     uart1
                                 REL CODE    0F8214 000786 2     watch
                                 REL CODE    0F899A 0000A7 2     _f8lt
                                 REL CODE    0F8A42 000083 2     _i4div
                                 REL CODE    0F8AC6 00004D 2     _i4divu
                                 REL CODE    0F8B14 000041 2     _i4i2div
                                 REL CODE    0F8B56 00001C 2     _i4mulu
                                 REL CODE    0F8B72 000022 2     _i4tof8
                                 REL CODE    0F8B94 0000D4 2     _ltof
                                 REL CODE    0F8C68 000035 2     bcopy
                                 REL CODE    0F8C9E 000028 2     bzero
                                 REL CODE    0F8CC6 00004F 2     memcpy
                                 REL CODE    0F8D16 000054 2     _f8ltor
program_S                        REL CODE    0F8D6A 000000       ncrt0
interrupt                        ABS CODE    0F9000 000000       ncrt0
                                 REL CODE    0F9000 000132       ncrt0
vector                           ABS CODE    0F9200 0000C0       ncrt0
fvector                          REL CODE    0F92C0 000000       ncrt0
# Total -------------------------------------------------------------------
                                     DATA           00745E(0029790) Byte(s)
                                     ROMDATA        000E2B(0003627) Byte(s)
                                     CODE           018131(0098609) Byte(s)

##########################################
# (3) GLOBAL LABEL INFORMATION           #
##########################################
$ByteRead          0ea7f6  $ByteWrite         0ea788  $Calculate_Quick   0e32b2
$CalulateCRC       0f126e  $ChangeX           0e0e2c  $ChangeY           0e0e70
$ClearBitMask      0f141e  $IicBusRead        0ea608  $IicBusWrite       0ea6b0
$M500PcdConfigIS   0f1386  $PBP_Line          0e755a  $PcdAnticoll       0f0fcc
$PcdAuthState      0f10c8  $PcdBakValue       0f16ae  $PcdComMF522       0f1440
$PcdRead           0f1136  $PcdRequest        0f0f68  $PcdSelect         0f1056
$PcdValue          0f15da  $PcdWrite          0f1196  $ReadRawRC         0f80be
$SetBitMask        0f13fc  $WriteRawRC        0f8160  $_f8ltor           0f8d16
$_ltof             0f8b94  $add_one_action    0e751e  $cal_crc16         0f77be
$cal_forward       0eccdc  $cal_forwardn      0ed06e  $cal_pid_p_stop    0eddca
$cal_pid_p_stopn   0edd00  $cal_pid_s         0ed728  $cal_spd_ref       0ee548
$check_data        0e214c  $check_dsp_error   0f196a  $crc_calcu         0f24e0
$delay_ms          0ea59c  $delay_us          0ea5c8  $exit              0f912d
$go_beginpoint     0e3a48  $go_commandpoint   0e5e6e  $holding_axes      0ee8ea
$inpress_down      0e1ca4  $inpress_to        0e6772  $inpress_to_fors   0e684c
$int2string        0eb3ec  $m_start           0ee11e  $m_startn          0edf24
$movestep_x        0f1c0e  $movestep_y        0f1d06  $movestep_yj       0f1f5e
$movestep_zx       0f1e06  $mymemcpy          0eb3ae  $nop_move_emerge   0f206a
$oldmotoretable    0f024e  $pdff_control      0edb16  $process_making_   0e6fd6
$process_nop_mov   0f2de8  $protocol          0e794e  $rc_pc             0ee998
$read_par          0ea8e4  $read_para_group   0ea960  $read_stepmotor_   0f24a4
$read_stepmotor_   0f2538  $scan_pause_func   0e69a2  $send_dsp1_comma   0f2278
$send_dsp2_comma   0f229a  $send_dsp_comman   0f2226  $set_func_code_i   0ebbc8
$set_protocol_us   0ebbfc  $shift_func        0f7040  $special_sewing    0e69d0
$string2int        0eb3d2  $test_nop_emerge   0ebb8a  $tra1_com          0f775a
$tra_com           0e7852  $trim_io_control   0f3988  $verify            0e782c
$verify_code       0ea574  $write_par         0ea922  $write_para_grou   0ea9a6
$write_stepmotor   0f2466  $write_stepmotor   0f2562  $x_quickmove       0f2668
$y_quickmove       0f278a  $zx_quickmove      0f28d8  _AccFlag           0007ee
_AdjustAngle       006856  _AdjustAngleSet    00684e  _AgingLasting      006dd5
_CancelOverlabPo   006c66  _Cooling1sCounte   006ad2  _CoolingActionFl   006dd6
_CoolingDuration   006ace  _CoolingDuration   006ad4  _CoolingInterval   006acc
_CoolingInterval   006ad0  _CurrentPointShi   006c64  _CurrentPointShi   00681e
_CurrentXCoor      006816  _CurrentYCoor      006818  _CutActionCounte   006862
_CutActionFlag     006d0e  _DAActionCounter   006860  _DAActionFlag      006d0d
_DRV_DATA_LEN      006dce  _DVALastState      006c69  _DVBLastState      006c68
_DVSMLastState     006c44  _DVSMcounter       006d6d  _DefaultKey        000454
_DelayCounter      00680c  _DelayMsCount      006822  _DelayTime         00045a
_DestinationPoin   006820  _DisMotorAngle     006854  _EditElementComm   006c65
_EditEntranceFla   006c61  _ElementIndex      006c5d  _ElementIndexLat   006c5e
_ElementPointFla   006c5c  _EncoderZ_flag     006c9a  _FWendCounter      006d7a
_FindZeroFlag      006c99  _FootNumber        006d19  _FootRotateFlag    006c6a
_FootUpCom         006c67  _HighSpeedStitch   006d37  _IORGLastState     006d69
_Inductance_tab    0e0498  _InpresserIni_fl   006c25  _Judge_Quadrant    0e74e0
_LRfooter_down_m   006d15  _LRfooter_up_mod   006d16  _LTR_trim_option   006d18
_L_AIR_flag        006cf0  _LastPatternHave   006d1a  _LineStage         006c36
_MAIN_MOTOR_TYPE   006c3a  _MotionSet         006c6b  _MotiongSetFlag    006c6c
_MotorPositionSe   006c50  _MotorPreInit      0ec480  _MotorSpeedRigis   006c56
_MoveMode          006d36  _MoveStartAngle    0068a2  _MoveStartAngle_   0e0158
_MoveStartAngle_   0e0116  _MoveTime_Limtit   0e0d6d  _MoveTime_Speed_   0e0d0a
_MoveTime_Speed_   0e0d4c  _MoveTime_Speed_   0e0d2b  _MoveToCurrentCo   006c60
_NopMoveSpd_flag   006c75  _OW_RomID          006a86  _OutOfPositionTi   0068a0
_OutOfRange_flag   006c43  _OverCurrentOneC   00689e  _PAUSE_OFF         006d65
_PAUSE_ON          006d64  _PI_Pre            0007f0  _PORG_action_fla   006d8b
_PSENSLastState    006d6a  _PSENScounter      006d6c  _PattenrDelayTim   00680e
_PatternDelayFla   006c51  _PatternShiftVal   006814  _PatternSpeedLim   006d1b
_PcdAntennaOff     0f15ce  _PcdAntennaOn      0f15ac  _PcdHalt           0f123e
_PcdReset          0f12ee  _PointShiftDirec   006c59  _PointShiftFlag    006c58
_PointShiftNumbe   006810  _RFID_SCAN         0f17a8  _RFID_initial      0f177a
_Resistance_tab    0e04da  _Rfid_Nom          006b0e  _RotateFlag        006c52
_Run_SpdIq         000400  _SPI_init          0f192e  _SewDataFlag       006c5b
_SewTestStitchCo   006812  _SewingCounter     00045e  _SewingReverse     0e6c46
_SewingSpeedValu   006c53  _SewingStopFlag    006c54  _SewingStopValue   006c55
_SewingTestEndFl   006c62  _SewingTestFlag    006c24  _ShapePointFlag    006c5a
_Spd_Iq_PID        0ed542  _SpeedRange        006872  _StartCondition    0ea72c
_StatusChangeLat   006c63  _Step1Version      006c1a  _Step2Version      006c1f
_StepDrive1Versi   00681a  _StepDrive2Versi   00681c  _StitchSpeedCurv   006d38
_StitchStartFlag   006c90  _StitchUpFlag      006c57  _StopCondition     0ea75c
_StopStatusFlag    006c6d  _TempEnd_point     000a06  _TempPat_point     000a0a
_TempStart_point   000a08  _TestStatusChang   006c5f  _Ud_i              000a0c
_Uq_i              000a0e  _X2_tab            0e0298  __WaitTime0us      0ea886
__WaitTime1us      0ea88c  __WaitTime2us      0ea898  __WaitTime6ms      0ea8c0
__f8lt             0f899a  __i4div            0f8a42  __i4divU           0f8ac6
__i4i2div          0f8b14  __i4mulU           0f8b56  __i4tof8           0f8b72
__mbase            006c0e  __memt             000476  __mnext            006c12
__msize            006c16  __pool             00046e  _acc_tactic        0edc4a
_acctable          000820  _adtc_count        006d03  _adtc_flag         006d04
_after_trim_stop   006daa  _aging_com         006d08  _aging_delay       006ce9
_aging_flag        006ce8  _aging_mode        006d5f  _aging_mode_coun   006aea
_aging_mode_coun   006aec  _aging_old_count   006aca  _aging_selection   006ddd
_alarmbuz_flag     006cfc  _alarmled_flag     006cfb  _allct_step        006834
_allin_step        006832  _allow             006d24  _allx_coor_temp    006804
_allx_step         0067f4  _allx_step_last    006ac6  _allx_step_temp    006808
_ally_coor_temp    006806  _ally_step         0067f6  _ally_step_last    006ac8
_ally_step_temp    00680a  _allyj_step        006830  _already_auto_fi   006e40
_already_in_orig   006d1f  _angle_test_x      006a50  _angle_test_y      006a52
_at_solenoid       0f18f6  _atan_tab          0e051c  _atum_data         006d26
_atum_flag         006d25  _auto_function_f   006d84  _auto_function_s   006db9
_auto_select_fla   006d83  _autoprecess_foo   006d68  _autoprocess_act   006d73
_autoprocess_ino   006d6b  _autoprocess_put   006d75  _back_endpoint     0e390e
_back_from_check   006d81  _back_startpoint   0e49d2  _bakeup_total_co   006a7a
_barcoder_time_b   006de4  _base_tension      006dc2  _baseline_alarm_   006da2
_baseline_alarm_   006a8e  _baseline_detect   006dd1  _bcopy             0f8c68
_before_down_spe   0068a8  _before_nopmove_   006d5d  _blow_air_action   006f50
_blow_air_counte   006b14  _bobbin_change_d   006ddb  _bobbin_change_i   006de2
_bobbin_change_s   006dd0  _brkdt_flag        006d02  _bzero             0f8c9e
_caculate_stitch   0068bc  _calculate_angle   0e2a50  _calculate_flag    006c8b
_check_data_spee   0068be  _check_flag        006c89  _check_footer_st   0e6fa4
_check_motion_do   0f2132  _checki03_status   0f5ff0  _checki04_status   0f6000
_checki05_status   0f6430  _checki06_status   0f65f6  _checki07_status   0f66e2
_checki08_status   0f670a  _checki10_status   0f6746  _checki11_status   0f69b2
_clamp_com         006cd3  _clamp_flag        006c42  _clamp_stepflag    006c94
_com_error         0ea560  _comx_step         006800  _comy_step         006802
_connect_flag      006c8d  _conprocess_data   0e3eaa  _conprocess_edit   0e4252
_continue_status   0f749e  _cool_air_1_sec    006ab2  _cool_air_action   006ab0
_cool_air_action   006db8  _cool_air_close_   006ab4  _cool_air_counte   006aae
_cool_air_open_t   006ab6  _coor_com          006c4d  _coor_com_fun      0e6986
_cooradjust_com    006c4e  _count_temp        006d9c  _counter_1ms       006866
_counter_wait_co   006dbb  _course_back       0e4f90  _course_next       0e4d26
_course_next_fla   006d8d  _course_stop       0e51fc  _cover_position_   006db4
_cover_position_   006db5  _cpy_para_buff     0eb74a  _csc_tab           0e061e
_cut_end_angle     0067e4  _cut_end_flag      006c7a  _cut_flag          006c77
_cut_mode          006d2e  _cut_move_flag     006d44  _cut_nopmove_fla   006d9f
_cut_pwm_counter   006d63  _cut_start_angle   0067e2  _cut_start_flag    006c79
_cut_tension       006dc3  _cut_test_flag     006d7f  _cutter_delay_co   006e42
_cutter_delay_fl   006e43  _d_iq_last         000a10  _da0_flag          006cf1
_data2             000450  _data_length_drv   006dcc  _de_bug            006ac2
_dead_point_degr   006d33  _dectable          000816  _delay_of_go_set   006d32
_delay_of_inpres   006d2f  _delay_of_nop_mo   006d31  _delay_of_wipper   006d30
_delay_process     0f5656  _delay_start_fun   006da8  _delay_start_tim   006da9
_detect_position   0e5cd8  _disable_24V_out   0e74c0  _dither_tactic     0edc60
_do_pat_point_ad   0e6924  _do_pat_point_su   0e6950  _door_ac           000468
_door_dt           00046a  _down_stage        006c35  _down_up_stitch    006da3
_download_drv_fl   006dca  _download_drv_st   0f7342  _download_status   0f6b24
_drv_satus         006dcf  _dsp1_message      006a7e  _dsp1_step_crc     006b10
_dsp2_message      006a80  _dsp2_step_crc     006b12  _edit_move_delay   006870
_emergency         0e5ac6  _emergency_count   0068ba  _emermove_high     006c93
_enable_24V_outp   0e74d0  _end_angle_speed   006a94  _end_flag          006c85
_erase_falg        006dcd  _err_num_dsp1      006a82  _err_num_dsp2      006a84
_error_status      0f4c68  _eso_normal_cont   0ed918  _eso_z1            00041a
_eso_z2            00041e  _etablenew1        0e0b6a  _etablenew2        0e0c8c
_exit              0f912d  _fa_solenoid       0f1914  _fall_back_tacti   0edcea
_find_communicat   006d7e  _find_dead_cente   0e1ce4  _find_dead_point   0e1eb0
_find_deadpoint_   006d1c  _find_start_poin   0e71ce  _find_up_positio   0e1f62
_find_zero         0e1fde  _findorigin_flag   006c9e  _finish_cut_flag   006d5e
_finish_nopmove_   006dd9  _finish_status     0f5bd6  _first_stitch_fl   006c87
_fk_action_count   006ae4  _fk_action_flag    006dda  _flag_1ms          006c3b
_flag_start_wait   006dba  _flag_wait_com     006dbc  _flash_buz         0e5ab6
_flash_led         0e5aa6  _follow_up_inpre   006afe  _follow_up_inpre   006afc
_foot_com          006c4a  _foot_down         0e1af2  _foot_flag         006c3f
_foot_half_com     006c4b  _foot_half_down    0e1be2  _foot_half_flag    006c40
_foot_half_up      0e1a9e  _foot_ready_coun   000a16  _foot_ready_coun   000a18
_foot_up           0e1a72  _footer_both_dow   0e1c00  _footer_both_up    0e1ab4
_footer_procedur   0e1b28  _footer_working_   006d14  _formwork_identi   006d90
_fun_code          006d2a  _fun_default_fla   006d48  _fun_flag          006d29
_fw_action_count   006aba  _fw_action_flag    006dc5  _fw_flag           006cef
_fw_solenoid       0f18ce  _fw_start_angle    006b00  _g_ucTempbuf       00083a
_get_CORG_statu    0f2a0c  _get_IORG_statu    0f29f2  _get_x_distance    0f203c
_get_y_distance    0f2052  _go_origin_allmo   0e16f8  _go_origin_speed   006d40
_go_origin_x       0e0eb2  _go_origin_xy      0e18dc  _go_origin_xy_bo   0e14aa
_go_origin_y       0e11dc  _go_origin_yj      0e6614  _go_origin_zx      0e6448
_go_setoutpoint    0e58cc  _go_startpoint     0e2060  _hevi_data         006d28
_hevi_flag         006d27  _hold_enable       006a24  _holding_bobbin_   006b06
_identify_patter   0f2a26  _iit_warning_val   0068a6  _initIicBus        0ea5fe
_init_ad           0eaa26  _init_clk          0eaa68  _init_comm         0e7760
_init_da           0eaa52  _init_eeprom       0ea8bc  _init_io           0eaac2
_init_motor        0ec2d2  _init_para_varia   0eba8c  _init_stepmotor_   0f1b9a
_init_ta0          0ea9f0  _init_tb0          0ec2c2  _init_tb3          0eaa02
_init_tb4          0eaa14  _init_uart0        0e76c2  _init_uart1        0f765c
_init_uart1_RC52   0f768a  _init_var          0eabc6  _init_watch        0f8214
_initial           0eb2a2  _initial_mainmot   0e5d5c  _initial_uart1_v   0f7618
_inpress_action_   006d43  _inpress_com       006c4c  _inpress_delta     006b02
_inpress_down_de   006d3f  _inpress_end_fla   006c80  _inpress_first_f   006d47
_inpress_flag      006c41  _inpress_follow_   006b04  _inpress_follow_   006af0
_inpress_follow_   0e0092  _inpress_follow_   006de7  _inpress_follow_   0e0cc8
_inpress_follow_   006d6e  _inpress_follow_   006de9  _inpress_follow_   006af4
_inpress_follow_   006af2  _inpress_follow_   0e00d4  _inpress_follow_   006de8
_inpress_follow_   0e0ce9  _inpress_high      0068b0  _inpress_high_ba   0068ae
_inpress_high_fl   006d3c  _inpress_high_li   006d3d  _inpress_high_wh   006d3e
_inpress_lower_s   006e47  _inpress_lower_s   006e46  _inpress_mod_rem   006d80
_inpress_offset    006d77  _inpress_origin    0068aa  _inpress_positio   0067ee
_inpress_real_de   0068ac  _inpress_speed     006d66  _inpress_start_f   006c7f
_inpress_tab       0e0000  _inpress_type      006d50  _inpress_up        0e1c3e
_int0_finish_fla   006d45  _int0_int          0ee828  _int1_int          0f8916
_int2_int          0f894c  _int3_finish_fla   006d46  _int3_int          0ee852
_iq_max_tester     000464  _jiting_flag       006d79  _jump_to_begin     0f21da
_k03               006dc0  _keep_running_fo   0e1dc0  _l                 006c34
_laser_cutter_ac   006f4b  _last_allx_step    006ae0  _last_ally_step    006ae2
_last_inpress_po   0068b6  _last_pattern_nu   006a48  _last_pattern_po   006ade
_last_speed        00682e  _last_xstep_cou    006a3e  _last_ystep_cou    006a40
_lastmove_flag     006c73  _laststitch_flag   006c78  _led_light_adjus   006d55
_m_spd_n           00689a  _m_spd_n_last      00689c  _m_spd_ref_n       006898
_m_status          006d0a  _machine_stop_fl   006c86  _main              0ebc0e
_main_control_lo   006da1  _main_control_lo   006f52  _making_pen_acto   006dde
_making_pen_nopm   006f4f  _making_pen_offs   006de1  _making_pen_stat   006ddf
_manual_com        006c49  _manual_cut_flag   006d2b  _manual_operatio   006d61
_marking_finish_   006d8f  _marking_speed     006d8e  _memcpy            0f8cc6
_mode0_angle       006a9e  _mode0_time        006db1  _mode1_x_angle     006aa0
_mode1_x_time      006db2  _mode1_y_angle     006aa2  _mode1_y_time      006db3
_motor             0009dc  _motor_control     0eeb16  _motor_lock_flag   006d56
_motor_para        006886  _motor_start       0ee87c  _motor_stuck_fla   006c9b
_motorconfig_fla   006c8e  _move_back         0e4b82  _move_continue_b   0e4c30
_move_continue_n   0e4ae4  _move_edit_start   0e4d0a  _move_flag         006c6e
_move_next         0e4a3a  _move_startpoint   0e4cd2  _move_xy           0e619a
_movect_angle      00682c  _movestep_angle    006824  _movestep_time     006826
_movestep_x_flag   006c71  _movestep_y_flag   006c72  _movestepx_angle   006828
_movestepx_time    006c91  _movestepxy_time   0068b2  _movestepy_angle   00682a
_movestepy_time    006c92  _movex_delay_cou   006d4a  _movex_delay_fla   006d4b
_movex_flag        006c6f  _movey_delay_cou   006d4c  _movey_delay_fla   006d4d
_movey_flag        006c70  _movezx_delay_co   006d4e  _movezx_delay_fl   006d4f
_ms_counter        000a12  _ms_scan_counter   000a14  _need_action_onc   006daf
_need_action_two   006db0  _need_backward_s   006dad  _need_down_flag    006dbe
_needle_cool_fla   006dd3  _needle_down       0e1e72  _new_pattern_don   006d8a
_next_nop_x        006aaa  _next_nop_y        006aac  _nop_move_delay    00686c
_nop_move_k        006d23  _nop_move_pause_   006dd7  _nop_move_remain   006ada
_nop_move_remain   006adc  _nopmove_flag      006c76  _normal_control    0ed77a
_not_in_origin_f   006d20  _one_step_delay    00686e  _operate_dsp1ord   006dd2
_opl_origin_flag   006d57  _origin2_lastmov   006c74  _origin2_point     000a04
_origin_adjust_a   006d62  _origin_adjust_f   006d11  _origin_check_fl   006d9a
_origin_com        006c46  _origin_flag       006d12  _origin_footer_s   006d17
_output_com        006cee  _over_spd_flag     006d0c  _para              006deb
_para_confirm      0e5b40  _pat_buf           000a1e  _pat_buff_total_   006a78
_pat_buff_total_   006a7c  _pat_buff_write_   006a76  _pat_point         000a00
_pat_writting_fl   006d97  _pattern_buf_wri   006da7  _pattern_change_   00686a
_pattern_change_   006d89  _pattern_change_   006d88  _pattern_delay     006d87
_pattern_number    006a46  _pattern_process   0f2a72  _pause_count       006cfd
_pause_flag        006cfe  _pause_inpress_f   006d9e  _pause_inpress_f   006db6
_pause_stop        0e5c0a  _pdl_val_now       006a32  _pdl_val_old       006a34
_pedal_last_stat   006c3d  _pedal_pos0        006a36  _pedal_pos1        006a38
_pedal_pos2        006a3a  _pedal_pos3        006a3c  _pedal_state       006c3c
_pedal_style       006c3e  _power_off_count   00685a  _poweroff_status   0f52a4
_pre_running       0f2b40  _predit_shift      006c4f  _preedit_status    0f577a
_prewind_status    0f4f90  _printf_uart       0f799a  _process_data      0e2bd6
_process_edit_da   0e2f5e  _process_flag      006c8a  _process_uart1_d   0f7e48
_put_down_counte   006d76  _pwm_forbid_flag   006d0b  _pwm_int           0ec698
_r                 006c33  _ratio_array       006a54  _rc522_control_f   006f4e
_rc522_write_fal   006f4c  _rc522_write_ret   006f4d  _rc_write_data     000440
_read_step_x       006ad6  _read_step_y       006ad8  _read_stepmotor_   0f2108
_read_stepmotor_   0f21b6  _ready_dsp1_time   0f20a6  _ready_go_setout   006d78
_ready_status      0f3090  _rec1_com          0f784e  _rec1_datalength   006af6
_rec1_package_le   006af8  _rec1_status_mac   006dea  _rec1_total_coun   006b0c
_rec_buf           00058a  _rec_com           0e78be  _rec_status        006c27
_recieve_flag      006dcb  _recieve_x         000862  _recieve_y         000864
_recieve_z         000866  _recpat_point      0067e0  _remove_01         0e55da
_remove_03         0e565c  _remove_04         0e56a6  _remove_06         0e5728
_remove_07         0e5772  _remove_09         0e57f4  _remove_10         0e583e
_remove_12         0e5590  _remove_stop       0e58c0  _repeat_com        006c48
_requset_which_s   006d96  _reset_panel       0e5d46  _restore_para_fr   0eb412
_return_from_set   006d74  _return_origin_f   006d8c  _rfid_config_fla   006d22
_rfid_wr_ret       0ea4da  _run_status        0f3cfe  _running_flag      006dd4
_second_start_co   006dc9  _second_start_sw   006dc8  _send_command      000690
_send_flag         006d98  _send_stepmotor_   0f219e  _send_stepmotor_   0f214e
_serail_config_f   006d21  _serail_module_s   006d91  _serail_number     006a4e
_set_uart1_debug   0f76b8  _setout_emermove   006d3b  _setout_flag       006d99
_setout_status     0f5356  _setup_stepper_m   0f22bc  _sevro_curve_num   006d9d
_sew_speed         006836  _sew_stitch        006838  _sewing_ren_flag   006a42
_sewing_stop       0e5bd6  _sewing_stop_mid   0e5bf0  _sewing_tenion     006dc4
_sewingcontrol_f   006dab  _sewingcontrol_s   006dac  _sewingcontrol_t   006dae
_sewingcontrol_t   006ddc  _sfsw_count        006d05  _sfsw_count1       006d06
_sfsw_flag         006d07  _shift_01          0e5256  _shift_03          0e52e4
_shift_04          0e533a  _shift_06          0e53c8  _shift_07          0e541e
_shift_09          0e54ac  _shift_10          0e5502  _shift_12          0e5200
_shift_flag        006cf8  _shift_flag_old    006cf9  _shift_low_flag    006cfa
_shift_reply       006cf7  _sin_tab           0e0788  _single_back       0e47c6
_single_edit_con   0e48ca  _single_edit_con   0e4696  _single_end        0e49f4
_single_flag       006cf6  _single_move_fun   0f6b92  _single_move_spe   006d41
_single_next       0e45f4  _single_reply      006cf5  _single_start      0e4a0c
_single_stop       0e4a24  _slack_status      0f5dc4  _slow_flag         006c88
_slowdown_stitch   006dbd  _sm_overload_cou   006d39  _sm_overload_fla   006d3a
_sm_overload_val   0068a4  _smotor_directio   006d54  _smotor_speed      006ced
_smotor_speed_co   006ab8  _smotor_speed_fl   006dbf  _software_key_bo   006e4b
_software_key_fo   006e48  _software_key_pa   006e4a  _software_key_ru   006e49
_sound_count       006858  _sox_step          0067fc  _soy_step          0067fe
_spd_monitor       006ae6  _spd_tmp           0007d4  _spdlimit_10080_   0e019a
_special_footer_   006d85  _special_go_allm   006dd8  _special_machine   006d67
_speed_display_m   006d49  _speed_down_coun   006d94  _speed_down_stit   006d92
_speed_limit       006d9b  _speed_min_teste   000466  _speed_up_value    006ae8
_spi_flag          006d09  _spider_lim        00685e  _spider_man        00685c
_spiint            0f19ee  _sta_point         000a02  _start_angle_spe   006a92
_start_flag        006c8c  _start_to_speed_   006d93  _status_15         006c98
_status_now        006c97  _stay_end_flag     006da6  _stay_flag         006cff
_stepconfig_flag   006c8f  _steper_footer_p   006a30  _steper_footer_r   006a2e
_stepmotor_comm    006cf2  _stepmotor_para    0f20d0  _stepmotor_singl   006cf4
_stepmotor_state   006cf3  _stepper_cutter_   006afa  _stepper_cutter_   006e45
_stepstatus1       006890  _stepstatus2       006892  _stepversion1      006894
_stepversion2      006896  _stitch_counter    0067f2  _stitch_num        0067f0
_stop_flag         006c83  _stop_foot_statu   006d2d  _stop_number       006c84
_stretch_action_   006a44  _stretch_action_   006d82  _stretch_down_de   006d53
_stretch_foot_en   006d35  _stretch_foot_fl   006d34  _stretch_out_del   006d51
_stretch_up_dela   006d52  _super_pattern_f   006d95  _svpara_buf        0068c0
_svpara_disp_buf   006924  _svpara_trans_fl   006d5c  _sys               0009d6
_sys_watch         0f82c8  _ta0_int           0ebec2  _tactic_flag       000462
_tactic_flag_las   000460  _tail_sewing       0e6efe  _tail_sewing_fla   006de0
_tail_sewing_spe   006aee  _tail_sewing_spe   006de3  _tan_tab           0e096a
_target_allx_ste   006a98  _target_ally_ste   006a9a  _target_pat_poin   006a96
_target_total_co   006a9c  _tb1_flag          006c95  _tb3_int           0ec22a
_tb4_int           0ec248  _temp_tension      006c96  _temp_tension_la   006dc1
_tension           006c9c  _tension_end_ang   0067e8  _tension_end_fla   006c7c
_tension_open_co   0068b4  _tension_open_sw   006d42  _tension_release   006a2c
_tension_release   006a26  _tension_start_a   0067e6  _tension_start_f   006c7b
_test_action_cou   006864  _test_action_fla   006d0f  _test_brk_flag     006db7
_test_counet_ms    006aa4  _test_da           006d72  _test_flag         006d6f
_test_flag2        006d70  _test_flag3        006d71  _test_nop_x        006aa6
_test_nop_y        006aa8  _test_value1       006c29  _test_value2       006c2a
_thbrk_count       006d00  _thbrk_flag        006d01  _theta_adjust      0068b8
_thread_holding_   006dc7  _thread_holding_   006ac0  _thread_holding_   006abe
_thread_holding_   006abc  _thread_holding_   006dc6  _thread_switch     006da0
_total_counter_t   006a90  _tra1_buf          006e4c  _tra1_ind_r        006b08
_tra1_ind_w        006b0a  _trans_x           00085c  _trans_y           00085e
_trans_z           000860  _trim              0e641c  _trim_action       0f39bc
_turnoff_buz       0e5a6e  _turnoff_led       0e5a5a  _turnoff_ledbuz    0e5a7c
_turnon_buz        0e5a98  _turnon_led        0e5a84  _u02               006ca2
_u03               006ca3  _u04               006ca4  _u05               006ca5
_u06               006ca6  _u07               006ca7  _u08               006ca8
_u09               006ca9  _u10               006caa  _u101              006ce2
_u103              006ce3  _u104              006ce4  _u105              006ce5
_u11               006cab  _u112              006ce6  _u12               006cac
_u13               006cad  _u14               006cae  _u15               006c9d
_u16               006ccf  _u201              006caf  _u202              006cb0
_u203              006cb1  _u204              006cb2  _u205              006cb3
_u206              006cb4  _u207              006cb5  _u208              006cb6
_u209              006cb7  _u210              006cb8  _u211              00683a
_u212              006cb9  _u213              00683c  _u214              00683e
_u215              006840  _u216              006842  _u217              006cba
_u218              006cbb  _u219              006cbc  _u220              006cbd
_u221              006cbe  _u222              006cbf  _u223              006844
_u224              006cc0  _u225              006cc1  _u226              006cc2
_u227              006cc3  _u228              006cc4  _u229              006cc5
_u230              006cc6  _u231              006cc7  _u232              006cc8
_u233              006cc9  _u234              006cca  _u235              006ccb
_u236              006846  _u237              006ccc  _u238              006848
_u239              006ccd  _u240              00684a  _u241              00684c
_u242              006cce  _u243              006d10  _u26               006cd0
_u33               006cd1  _u34               006cd2  _u35               006cec
_u36               006cd4  _u37               006cd5  _u38               006cd6
_u39               006cd7  _u40               006cd8  _u41               006cd9
_u42               006cda  _u46               006cdb  _u48               006cdc
_u49               006ca1  _u51               006ca0  _u68               006cdd
_u69               006cde  _u70               006cdf  _u71               006c9f
_u72               006cea  _u73               006ceb  _u89               006ce7
_u94               006ce0  _u97               006ce1  _uart1_rec_int     0f7726
_uart1_tra_int     0f76e6  _uart_rec_int      0e77f8  _uart_tra_int      0e77b4
_unaging_flag      006d60  _urat0_rate_1152   0e76ea  _us_counter        000a1c
_version_check     0f1bc4  _waiting_count     00068e  _waitingforomove   006d7b
_waitting_for_po   006f51  _watch_initializ   0f889a  _wind_com          006c47
_wind_mode         006d13  _wind_status       0f5190  _wipe_end_flag     006c7e
_wipe_end_time     006c82  _wipe_start_flag   006c7d  _wipe_start_time   006c81
_wipe_time         000a1a  _wiper_end_time    0067ec  _wiper_start_tim   0067ea
_wirte_stepermot   006de5  _write_eeprom_pa   006e41  _write_stepmotor   006de6
_x_bios            006850  _x_bios_offset     006a4a  _x_motor_dir       006d58
_x_movedone        006d7c  _x_origin_offset   006a28  _x_sensor_pos      006d2c
_x_step_current_   006d1d  _x_step_curve      006da4  _xstep_cou         0067f8
_y_bios            006852  _y_bios_offset     006a4c  _y_motor_dir       006d59
_y_movedone        006d7d  _y_origin_offset   006a2a  _y_step_current_   006d1e
_y_step_curve      006da5  _yj_motor_dir      006d5b  _yj_step_current   006e44
_ystep_cou         0067fa  _z_motor_dir       006d5a  _zero_speed_flag   006d86
_zoom_in_one_sti   0e6d0e  _zpl_pass          006c45  _zpl_process       0e63b0
start              0f9000  

##########################################
# (4) GLOBAL EQU SYMBOL INFORMATION      #
##########################################
__SB__           00000400  

##########################################
# (5) GLOBAL EQU BIT-SYMBOL INFORMATION  #
##########################################

##########################################
# (6) LOCAL LABEL INFORMATION            #
##########################################
@ ncrt0 ( D:\git_svn\mobanji\mbj_test(JKMBJ)0919\v01\Debug\ncrt0.r30 )
@ action ( D:\git_svn\mobanji\mbj_test(JKMBJ)0919\v01\Debug\action.r30 )
@ communication ( D:\git_svn\mobanji\mbj_test(JKMBJ)0919\v01\Debug\communication.r30 )
@ delay ( D:\git_svn\mobanji\mbj_test(JKMBJ)0919\v01\Debug\delay.r30 )
@ iic_bus_eeprom ( D:\git_svn\mobanji\mbj_test(JKMBJ)0919\v01\Debug\iic_bus_eeprom.r30 )
@ initial ( D:\git_svn\mobanji\mbj_test(JKMBJ)0919\v01\Debug\initial.r30 )
@ M_debug ( D:\git_svn\mobanji\mbj_test(JKMBJ)0919\v01\Debug\M_debug.r30 )
@ main ( D:\git_svn\mobanji\mbj_test(JKMBJ)0919\v01\Debug\main.r30 )
@ motor ( D:\git_svn\mobanji\mbj_test(JKMBJ)0919\v01\Debug\motor.r30 )
@ RC522 ( D:\git_svn\mobanji\mbj_test(JKMBJ)0919\v01\Debug\RC522.r30 )
@ solenoid ( D:\git_svn\mobanji\mbj_test(JKMBJ)0919\v01\Debug\solenoid.r30 )
@ step_motor_drv ( D:\git_svn\mobanji\mbj_test(JKMBJ)0919\v01\Debug\step_motor_drv.r30 )
@ system ( D:\git_svn\mobanji\mbj_test(JKMBJ)0919\v01\Debug\system.r30 )
@ uart1 ( D:\git_svn\mobanji\mbj_test(JKMBJ)0919\v01\Debug\uart1.r30 )
@ variables ( D:\git_svn\mobanji\mbj_test(JKMBJ)0919\v01\Debug\variables.r30 )
@ watch ( D:\git_svn\mobanji\mbj_test(JKMBJ)0919\v01\Debug\watch.r30 )
@ _f8lt ( C:\Renesas\NC30WA\V540R00\lib30\nc30lib.lib )
@ _i4div ( C:\Renesas\NC30WA\V540R00\lib30\nc30lib.lib )
@ _i4divu ( C:\Renesas\NC30WA\V540R00\lib30\nc30lib.lib )
@ _i4i2div ( C:\Renesas\NC30WA\V540R00\lib30\nc30lib.lib )
@ _i4mulu ( C:\Renesas\NC30WA\V540R00\lib30\nc30lib.lib )
@ _i4tof8 ( C:\Renesas\NC30WA\V540R00\lib30\nc30lib.lib )
@ _ltof ( C:\Renesas\NC30WA\V540R00\lib30\nc30lib.lib )
@ _mbase ( C:\Renesas\NC30WA\V540R00\lib30\nc30lib.lib )
@ bcopy ( C:\Renesas\NC30WA\V540R00\lib30\nc30lib.lib )
@ bzero ( C:\Renesas\NC30WA\V540R00\lib30\nc30lib.lib )
@ mdata ( C:\Renesas\NC30WA\V540R00\lib30\nc30lib.lib )
@ memcpy ( C:\Renesas\NC30WA\V540R00\lib30\nc30lib.lib )
@ _f8ltor ( C:\Renesas\NC30WA\V540R00\lib30\nc30lib.lib )

##########################################
# (7) LOCAL EQU SYMBOL INFORMATION       #
##########################################
@ ncrt0 ( D:\git_svn\mobanji\mbj_test(JKMBJ)0919\v01\Debug\ncrt0.r30 )
@ action ( D:\git_svn\mobanji\mbj_test(JKMBJ)0919\v01\Debug\action.r30 )
@ communication ( D:\git_svn\mobanji\mbj_test(JKMBJ)0919\v01\Debug\communication.r30 )
@ delay ( D:\git_svn\mobanji\mbj_test(JKMBJ)0919\v01\Debug\delay.r30 )
@ iic_bus_eeprom ( D:\git_svn\mobanji\mbj_test(JKMBJ)0919\v01\Debug\iic_bus_eeprom.r30 )
@ initial ( D:\git_svn\mobanji\mbj_test(JKMBJ)0919\v01\Debug\initial.r30 )
@ M_debug ( D:\git_svn\mobanji\mbj_test(JKMBJ)0919\v01\Debug\M_debug.r30 )
@ main ( D:\git_svn\mobanji\mbj_test(JKMBJ)0919\v01\Debug\main.r30 )
@ motor ( D:\git_svn\mobanji\mbj_test(JKMBJ)0919\v01\Debug\motor.r30 )
@ RC522 ( D:\git_svn\mobanji\mbj_test(JKMBJ)0919\v01\Debug\RC522.r30 )
@ solenoid ( D:\git_svn\mobanji\mbj_test(JKMBJ)0919\v01\Debug\solenoid.r30 )
@ step_motor_drv ( D:\git_svn\mobanji\mbj_test(JKMBJ)0919\v01\Debug\step_motor_drv.r30 )
@ system ( D:\git_svn\mobanji\mbj_test(JKMBJ)0919\v01\Debug\system.r30 )
@ uart1 ( D:\git_svn\mobanji\mbj_test(JKMBJ)0919\v01\Debug\uart1.r30 )
@ variables ( D:\git_svn\mobanji\mbj_test(JKMBJ)0919\v01\Debug\variables.r30 )
@ watch ( D:\git_svn\mobanji\mbj_test(JKMBJ)0919\v01\Debug\watch.r30 )
@ _f8lt ( C:\Renesas\NC30WA\V540R00\lib30\nc30lib.lib )
@ _i4div ( C:\Renesas\NC30WA\V540R00\lib30\nc30lib.lib )
@ _i4divu ( C:\Renesas\NC30WA\V540R00\lib30\nc30lib.lib )
@ _i4i2div ( C:\Renesas\NC30WA\V540R00\lib30\nc30lib.lib )
@ _i4mulu ( C:\Renesas\NC30WA\V540R00\lib30\nc30lib.lib )
@ _i4tof8 ( C:\Renesas\NC30WA\V540R00\lib30\nc30lib.lib )
@ _ltof ( C:\Renesas\NC30WA\V540R00\lib30\nc30lib.lib )
@ _mbase ( C:\Renesas\NC30WA\V540R00\lib30\nc30lib.lib )
@ bcopy ( C:\Renesas\NC30WA\V540R00\lib30\nc30lib.lib )
@ bzero ( C:\Renesas\NC30WA\V540R00\lib30\nc30lib.lib )
@ mdata ( C:\Renesas\NC30WA\V540R00\lib30\nc30lib.lib )
@ memcpy ( C:\Renesas\NC30WA\V540R00\lib30\nc30lib.lib )
@ _f8ltor ( C:\Renesas\NC30WA\V540R00\lib30\nc30lib.lib )

##########################################
# (8) LOCAL EQU BIT-SYMBOL INFORMATION   #
##########################################
@ ncrt0 ( D:\git_svn\mobanji\mbj_test(JKMBJ)0919\v01\Debug\ncrt0.r30 )
@ action ( D:\git_svn\mobanji\mbj_test(JKMBJ)0919\v01\Debug\action.r30 )
@ communication ( D:\git_svn\mobanji\mbj_test(JKMBJ)0919\v01\Debug\communication.r30 )
@ delay ( D:\git_svn\mobanji\mbj_test(JKMBJ)0919\v01\Debug\delay.r30 )
@ iic_bus_eeprom ( D:\git_svn\mobanji\mbj_test(JKMBJ)0919\v01\Debug\iic_bus_eeprom.r30 )
@ initial ( D:\git_svn\mobanji\mbj_test(JKMBJ)0919\v01\Debug\initial.r30 )
@ M_debug ( D:\git_svn\mobanji\mbj_test(JKMBJ)0919\v01\Debug\M_debug.r30 )
@ main ( D:\git_svn\mobanji\mbj_test(JKMBJ)0919\v01\Debug\main.r30 )
@ motor ( D:\git_svn\mobanji\mbj_test(JKMBJ)0919\v01\Debug\motor.r30 )
@ RC522 ( D:\git_svn\mobanji\mbj_test(JKMBJ)0919\v01\Debug\RC522.r30 )
@ solenoid ( D:\git_svn\mobanji\mbj_test(JKMBJ)0919\v01\Debug\solenoid.r30 )
@ step_motor_drv ( D:\git_svn\mobanji\mbj_test(JKMBJ)0919\v01\Debug\step_motor_drv.r30 )
@ system ( D:\git_svn\mobanji\mbj_test(JKMBJ)0919\v01\Debug\system.r30 )
@ uart1 ( D:\git_svn\mobanji\mbj_test(JKMBJ)0919\v01\Debug\uart1.r30 )
@ variables ( D:\git_svn\mobanji\mbj_test(JKMBJ)0919\v01\Debug\variables.r30 )
@ watch ( D:\git_svn\mobanji\mbj_test(JKMBJ)0919\v01\Debug\watch.r30 )
@ _f8lt ( C:\Renesas\NC30WA\V540R00\lib30\nc30lib.lib )
@ _i4div ( C:\Renesas\NC30WA\V540R00\lib30\nc30lib.lib )
@ _i4divu ( C:\Renesas\NC30WA\V540R00\lib30\nc30lib.lib )
@ _i4i2div ( C:\Renesas\NC30WA\V540R00\lib30\nc30lib.lib )
@ _i4mulu ( C:\Renesas\NC30WA\V540R00\lib30\nc30lib.lib )
@ _i4tof8 ( C:\Renesas\NC30WA\V540R00\lib30\nc30lib.lib )
@ _ltof ( C:\Renesas\NC30WA\V540R00\lib30\nc30lib.lib )
@ _mbase ( C:\Renesas\NC30WA\V540R00\lib30\nc30lib.lib )
@ bcopy ( C:\Renesas\NC30WA\V540R00\lib30\nc30lib.lib )
@ bzero ( C:\Renesas\NC30WA\V540R00\lib30\nc30lib.lib )
@ mdata ( C:\Renesas\NC30WA\V540R00\lib30\nc30lib.lib )
@ memcpy ( C:\Renesas\NC30WA\V540R00\lib30\nc30lib.lib )
@ _f8ltor ( C:\Renesas\NC30WA\V540R00\lib30\nc30lib.lib )

